Sep 11 10:07:32 cu-cs-vm anacron[868]: Job `cron.daily' terminated
Sep 11 10:07:32 cu-cs-vm anacron[868]: Normal exit (1 job run)
Sep 11 10:11:50 cu-cs-vm systemd[1]: Stopping Daemon for power management...
Sep 11 10:11:50 cu-cs-vm systemd[1]: Stopping Disk Manager...
Sep 11 10:11:50 cu-cs-vm systemd[1]: Stopping Authenticate and Authorize Users to Run Privileged Tasks...
Sep 11 10:11:50 cu-cs-vm systemd[1]: Stopping Service for virtual machines hosted on VMware...
Sep 11 10:11:50 cu-cs-vm systemd[1]: Stopped target Timers.
Sep 11 10:11:50 cu-cs-vm systemd[1]: Stopped Daily apt upgrade and clean activities.
Sep 11 10:11:50 cu-cs-vm systemd[1]: Stopping RealtimeKit Scheduling Policy Service...
Sep 11 10:11:50 cu-cs-vm systemd[1]: Stopped Daily Cleanup of Temporary Directories.
Sep 11 10:11:50 cu-cs-vm org.gtk.vfs.Daemon[1135]: A connection to the bus can't be made
Sep 11 10:11:50 cu-cs-vm dbus[876]: [system] Activating via systemd: service name='org.freedesktop.UPower' unit='upower.service'
Sep 11 10:11:50 cu-cs-vm dbus[876]: [system] Activating via systemd: service name='org.freedesktop.PolicyKit1' unit='polkitd.service'
Sep 11 10:11:50 cu-cs-vm obexd[2565]: Terminating
Sep 11 10:11:50 cu-cs-vm systemd[1]: Stopping Session c1 of user user.
Sep 11 10:11:50 cu-cs-vm systemd[1]: Stopping User Manager for UID 1000...
Sep 11 10:11:50 cu-cs-vm systemd[1039]: Stopped target Default.
Sep 11 10:11:50 cu-cs-vm VGAuthService[910]: ** Message: Processing SIGTERM; service exiting
Sep 11 10:11:50 cu-cs-vm VGAuthService[910]: ** Message: ServiceEndMainLoop: about to stop main loop
Sep 11 10:11:50 cu-cs-vm systemd[1039]: Reached target Shutdown.
Sep 11 10:11:50 cu-cs-vm rsyslogd: [origin software="rsyslogd" swVersion="8.16.0" x-pid="853" x-info="http://www.rsyslog.com"] exiting on signal 15.
Sep 11 10:16:46 cu-cs-vm rsyslogd: [origin software="rsyslogd" swVersion="8.16.0" x-pid="852" x-info="http://www.rsyslog.com"] start
Sep 11 10:16:46 cu-cs-vm rsyslogd-2222: command 'KLogPermitNonKernelFacility' is currently not permitted - did you already set it via a RainerScript command (v6+ config)? [v8.16.0 try http://www.rsyslog.com/e/2222 ]
Sep 11 10:16:46 cu-cs-vm rsyslogd: rsyslogd's groupid changed to 108
Sep 11 10:16:46 cu-cs-vm rsyslogd: rsyslogd's userid changed to 104
Sep 11 10:16:46 cu-cs-vm systemd-modules-load[342]: Inserted module 'lp'
Sep 11 10:16:46 cu-cs-vm loadkeys[335]: Loading /etc/console-setup/cached.kmap.gz
Sep 11 10:16:46 cu-cs-vm systemd-modules-load[342]: Inserted module 'ppdev'
Sep 11 10:16:46 cu-cs-vm systemd-modules-load[342]: Inserted module 'parport_pc'
Sep 11 10:16:46 cu-cs-vm systemd-modules-load[342]: Module 'fuse' is builtin
Sep 11 10:16:46 cu-cs-vm systemd[1]: Started udev Kernel Device Manager.
Sep 11 10:16:46 cu-cs-vm systemd[1]: Starting Remount Root and Kernel File Systems...
Sep 11 10:16:46 cu-cs-vm systemd[1]: Started Remount Root and Kernel File Systems.
Sep 11 10:16:46 cu-cs-vm systemd[1]: Starting udev Coldplug all Devices...
Sep 11 10:16:46 cu-cs-vm systemd[1]: Reached target Local File Systems (Pre).
Sep 11 10:16:46 cu-cs-vm systemd[1]: Reached target Local File Systems.
Sep 11 10:16:46 cu-cs-vm systemd[1]: Starting LSB: AppArmor initialization...
Sep 11 10:16:46 cu-cs-vm systemd[1]: Starting Enable support for additional executable binary formats...
Sep 11 10:16:46 cu-cs-vm systemd[1]: Starting Tell Plymouth To Write Out Runtime Data...
Sep 11 10:16:46 cu-cs-vm systemd[1]: Starting Set console font and keymap...
Sep 11 10:16:46 cu-cs-vm systemd[1]: Starting Flush Journal to Persistent Storage...
Sep 11 10:16:46 cu-cs-vm systemd[1]: Starting Load/Save Random Seed...
Sep 11 10:16:46 cu-cs-vm systemd[1]: Mounted VMware vmblock fuse mount.
Sep 11 10:16:46 cu-cs-vm systemd[1]: Started Service for virtual machines hosted on VMware.
Sep 11 10:16:46 cu-cs-vm systemd[1]: Started Apply Kernel Variables.
Sep 11 10:16:46 cu-cs-vm systemd[1]: Started Tell Plymouth To Write Out Runtime Data.
Sep 11 10:16:46 cu-cs-vm systemd[1]: proc-sys-fs-binfmt_misc.automount: Got automount request for /proc/sys/fs/binfmt_misc, triggered by 412 (update-binfmts)
Sep 11 10:16:46 cu-cs-vm systemd[1]: Mounting Arbitrary Executable File Formats File System...
Sep 11 10:16:46 cu-cs-vm systemd[1]: Mounted Arbitrary Executable File Formats File System.
Sep 11 10:16:46 cu-cs-vm systemd[1]: Started Flush Journal to Persistent Storage.
Sep 11 10:16:46 cu-cs-vm systemd[1]: Starting Create Volatile Files and Directories...
Sep 11 10:16:46 cu-cs-vm systemd-tmpfiles[439]: [/usr/lib/tmpfiles.d/var.conf:14] Duplicate line for path "/var/log", ignoring.
Sep 11 10:16:46 cu-cs-vm systemd[1]: Started Load/Save Random Seed.
Sep 11 10:16:46 cu-cs-vm systemd[1]: Started Enable support for additional executable binary formats.
Sep 11 10:16:46 cu-cs-vm systemd[1]: Started Create Volatile Files and Directories.
Sep 11 10:16:46 cu-cs-vm systemd[1]: Starting Network Time Synchronization...
Sep 11 10:16:46 cu-cs-vm systemd[1]: Starting Update UTMP about System Boot/Shutdown...
Sep 11 10:16:46 cu-cs-vm systemd[1]: Started Network Time Synchronization.
Sep 11 10:16:46 cu-cs-vm systemd[1]: Reached target System Time Synchronized.
Sep 11 10:16:46 cu-cs-vm systemd[1]: Started Update UTMP about System Boot/Shutdown.
Sep 11 10:16:46 cu-cs-vm apparmor[411]:  * Starting AppArmor profiles
Sep 11 10:16:46 cu-cs-vm systemd[1]: Started Set console font and keymap.
Sep 11 10:16:46 cu-cs-vm systemd[1]: Created slice system-getty.slice.
Sep 11 10:16:46 cu-cs-vm systemd[1]: Started udev Coldplug all Devices.
Sep 11 10:16:46 cu-cs-vm systemd[1]: Started Dispatch Password Requests to Console Directory Watch.
Sep 11 10:16:46 cu-cs-vm apparmor[411]: Skipping profile in /etc/apparmor.d/disable: usr.bin.firefox
Sep 11 10:16:46 cu-cs-vm apparmor[411]: Skipping profile in /etc/apparmor.d/disable: usr.sbin.rsyslogd
Sep 11 10:16:46 cu-cs-vm apparmor[411]:    ...done.
Sep 11 10:16:46 cu-cs-vm systemd[1]: Started LSB: AppArmor initialization.
Sep 11 10:16:46 cu-cs-vm systemd[1]: Starting Raise network interfaces...
Sep 11 10:16:46 cu-cs-vm systemd[1]: Started Raise network interfaces.
Sep 11 10:16:46 cu-cs-vm mtp-probe: checking bus 2, device 2: "/sys/devices/pci0000:00/0000:00:11.0/0000:02:00.0/usb2/2-1"
Sep 11 10:16:46 cu-cs-vm mtp-probe: bus: 2, device: 2 was not an MTP device
Sep 11 10:16:46 cu-cs-vm systemd[1]: Listening on Load/Save RF Kill Switch Status /dev/rfkill Watch.
Sep 11 10:16:46 cu-cs-vm systemd[1]: Found device VMware_Virtual_S 5.
Sep 11 10:16:46 cu-cs-vm systemd[1]: Activating swap /dev/disk/by-uuid/4f6f25d8-6004-459b-b46c-f0f3c3d0de9b...
Sep 11 10:16:46 cu-cs-vm systemd[1]: Activated swap /dev/disk/by-uuid/4f6f25d8-6004-459b-b46c-f0f3c3d0de9b.
Sep 11 10:16:46 cu-cs-vm systemd[1]: Reached target Swap.
Sep 11 10:16:46 cu-cs-vm systemd[1]: Reached target System Initialization.
Sep 11 10:16:46 cu-cs-vm systemd[1]: Starting Socket activation for snappy daemon.
Sep 11 10:16:46 cu-cs-vm systemd[1]: Listening on ACPID Listen Socket.
Sep 11 10:16:46 cu-cs-vm systemd[1]: Started Daily apt download activities.
Sep 11 10:16:46 cu-cs-vm systemd[1]: Started Daily apt upgrade and clean activities.
Sep 11 10:16:46 cu-cs-vm systemd[1]: Listening on D-Bus System Message Bus Socket.
Sep 11 10:16:46 cu-cs-vm systemd[1]: Listening on CUPS Scheduler.
Sep 11 10:16:46 cu-cs-vm systemd[1]: Started Daily Cleanup of Temporary Directories.
Sep 11 10:16:46 cu-cs-vm systemd[1]: Started ACPI Events Check.
Sep 11 10:16:46 cu-cs-vm systemd[1]: Listening on Avahi mDNS/DNS-SD Stack Activation Socket.
Sep 11 10:16:46 cu-cs-vm systemd[1]: Started CUPS Scheduler.
Sep 11 10:16:46 cu-cs-vm systemd[1]: Reached target Paths.
Sep 11 10:16:46 cu-cs-vm systemd[1]: Listening on UUID daemon activation socket.
Sep 11 10:16:46 cu-cs-vm systemd[1]: Reached target Timers.
Sep 11 10:16:46 cu-cs-vm systemd[1]: Listening on Socket activation for snappy daemon.
Sep 11 10:16:46 cu-cs-vm systemd[1]: Reached target Sockets.
Sep 11 10:16:46 cu-cs-vm systemd[1]: Reached target Basic System.
Sep 11 10:16:46 cu-cs-vm systemd[1]: Starting Permit User Sessions...
Sep 11 10:16:46 cu-cs-vm systemd[1]: Starting LSB: Record successful boot for GRUB...
Sep 11 10:16:46 cu-cs-vm systemd[1]: Started D-Bus System Message Bus.
Sep 11 10:16:46 cu-cs-vm dbus[827]: [system] AppArmor D-Bus mediation is enabled
Sep 11 10:16:46 cu-cs-vm systemd[1]: Starting Network Manager...
Sep 11 10:16:46 cu-cs-vm systemd[1]: Started uptime record daemon.
Sep 11 10:16:46 cu-cs-vm systemd[1]: Starting LSB: Set the CPU Frequency Scaling governor to "ondemand"...
Sep 11 10:16:46 cu-cs-vm systemd[1]: Starting LSB: Execute the kexec -e command to reboot system...
Sep 11 10:16:46 cu-cs-vm systemd[1]: Starting Avahi mDNS/DNS-SD Stack...
Sep 11 10:16:46 cu-cs-vm systemd[1]: Starting LSB: daemon to balance interrupts for SMP systems...
Sep 11 10:16:46 cu-cs-vm systemd[1]: Starting LSB: automatic crash report generation...
Sep 11 10:16:46 cu-cs-vm systemd[1]: Starting Login Service...
Sep 11 10:16:46 cu-cs-vm systemd[1]: Started Run anacron jobs.
Sep 11 10:16:46 cu-cs-vm systemd[1]: Starting System Logging Service...
Sep 11 10:16:46 cu-cs-vm systemd[1]: Started Authentication service for virtual machines hosted on VMware.
Sep 11 10:16:46 cu-cs-vm systemd[1]: Starting Accounts Service...
Sep 11 10:16:46 cu-cs-vm systemd[1]: Starting Restore /etc/resolv.conf if the system crashed before the ppp link was shut down...
Sep 11 10:16:46 cu-cs-vm systemd[1]: Started CUPS Scheduler.
Sep 11 10:16:46 cu-cs-vm anacron[851]: Anacron 2.3 started on 2019-09-11
Sep 11 10:16:46 cu-cs-vm systemd[1]: Starting Thermal Daemon Service...
Sep 11 10:16:46 cu-cs-vm systemd[1]: Starting LSB: Speech Dispatcher...
Sep 11 10:16:46 cu-cs-vm VGAuthService[854]: ** Message: Pref_Init: Using '/etc/vmware-tools/vgauth.conf' as preferences filepath
Sep 11 10:16:46 cu-cs-vm VGAuthService[854]: ** Message: Core dump limit set to -1
Sep 11 10:16:46 cu-cs-vm VGAuthService[854]: ** Message: Cannot load message catalog for domain 'VGAuthService', language 'C', catalog dir '.'.
Sep 11 10:16:46 cu-cs-vm VGAuthService[854]: ** Message: INIT SERVICE
Sep 11 10:16:46 cu-cs-vm VGAuthService[854]: ** Message: Using '/var/lib/vmware/VGAuth/aliasStore' for alias store root directory
Sep 11 10:16:46 cu-cs-vm VGAuthService[854]: ** Message: LoadCatalogAndSchema: Using '/etc/vmware-tools/vgauth/schemas' for SAML schemas
Sep 11 10:16:46 cu-cs-vm systemd[1]: Started Regular background program processing daemon.
Sep 11 10:16:46 cu-cs-vm avahi-daemon[840]: Found user 'avahi' (UID 111) and group 'avahi' (GID 120).
Sep 11 10:16:46 cu-cs-vm avahi-daemon[840]: Successfully dropped root privileges.
Sep 11 10:16:46 cu-cs-vm anacron[851]: Normal exit (0 jobs run)
Sep 11 10:16:46 cu-cs-vm avahi-daemon[840]: avahi-daemon 0.6.32-rc starting up.
Sep 11 10:16:46 cu-cs-vm systemd[1]: Started ACPI event daemon.
Sep 11 10:16:46 cu-cs-vm systemd[1]: Starting Snappy daemon...
Sep 11 10:16:46 cu-cs-vm avahi-daemon[840]: Successfully called chroot().
Sep 11 10:16:46 cu-cs-vm avahi-daemon[840]: Successfully dropped remaining capabilities.
Sep 11 10:16:46 cu-cs-vm avahi-daemon[840]: No service file found in /etc/avahi/services.
Sep 11 10:16:46 cu-cs-vm avahi-daemon[840]: Network interface enumeration completed.
Sep 11 10:16:46 cu-cs-vm avahi-daemon[840]: Server startup complete. Host name is cu-cs-vm.local. Local service cookie is 1201043930.
Sep 11 10:16:46 cu-cs-vm rsyslogd-2039: Could not open output pipe '/dev/xconsole':: No such file or directory [v8.16.0 try http://www.rsyslog.com/e/2039 ]
Sep 11 10:16:46 cu-cs-vm rsyslogd-2007: action 'action 10' suspended, next retry is Wed Sep 11 10:17:16 2019 [v8.16.0 try http://www.rsyslog.com/e/2007 ]
Sep 11 10:16:46 cu-cs-vm kernel: [    0.000000] Linux version 4.15.18steven (root@cu-cs-vm) (gcc version 5.4.0 20160609 (Ubuntu 5.4.0-6ubuntu1~16.04.10)) #3 SMP Tue Sep 10 22:37:25 MDT 2019 (Ubuntu 4.15.0-33.36~16.04.1-generic 4.15.18)
Sep 11 10:16:46 cu-cs-vm kernel: [    0.000000] Command line: BOOT_IMAGE=/boot/vmlinuz-4.15.18steven root=UUID=a7adc8c1-e02a-478b-93ad-c06e060e0176 ro
Sep 11 10:16:46 cu-cs-vm kernel: [    0.000000] KERNEL supported cpus:
Sep 11 10:16:46 cu-cs-vm kernel: [    0.000000]   Intel GenuineIntel
Sep 11 10:16:46 cu-cs-vm kernel: [    0.000000]   AMD AuthenticAMD
Sep 11 10:16:46 cu-cs-vm kernel: [    0.000000]   Centaur CentaurHauls
Sep 11 10:16:46 cu-cs-vm kernel: [    0.000000] Disabled fast string operations
Sep 11 10:16:46 cu-cs-vm kernel: [    0.000000] x86/fpu: Supporting XSAVE feature 0x001: 'x87 floating point registers'
Sep 11 10:16:46 cu-cs-vm kernel: [    0.000000] x86/fpu: Supporting XSAVE feature 0x002: 'SSE registers'
Sep 11 10:16:46 cu-cs-vm kernel: [    0.000000] x86/fpu: Supporting XSAVE feature 0x004: 'AVX registers'
Sep 11 10:16:46 cu-cs-vm kernel: [    0.000000] x86/fpu: xstate_offset[2]:  576, xstate_sizes[2]:  256
Sep 11 10:16:46 cu-cs-vm kernel: [    0.000000] x86/fpu: Enabled xstate features 0x7, context size is 832 bytes, using 'standard' format.
Sep 11 10:16:46 cu-cs-vm kernel: [    0.000000] e820: BIOS-provided physical RAM map:
Sep 11 10:16:46 cu-cs-vm kernel: [    0.000000] BIOS-e820: [mem 0x0000000000000000-0x000000000009e7ff] usable
Sep 11 10:16:46 cu-cs-vm kernel: [    0.000000] BIOS-e820: [mem 0x000000000009e800-0x000000000009ffff] reserved
Sep 11 10:16:46 cu-cs-vm kernel: [    0.000000] BIOS-e820: [mem 0x00000000000dc000-0x00000000000fffff] reserved
Sep 11 10:16:46 cu-cs-vm kernel: [    0.000000] BIOS-e820: [mem 0x0000000000100000-0x00000000bfecffff] usable
Sep 11 10:16:46 cu-cs-vm kernel: [    0.000000] BIOS-e820: [mem 0x00000000bfed0000-0x00000000bfefefff] ACPI data
Sep 11 10:16:46 cu-cs-vm kernel: [    0.000000] BIOS-e820: [mem 0x00000000bfeff000-0x00000000bfefffff] ACPI NVS
Sep 11 10:16:46 cu-cs-vm kernel: [    0.000000] BIOS-e820: [mem 0x00000000bff00000-0x00000000bfffffff] usable
Sep 11 10:16:46 cu-cs-vm kernel: [    0.000000] BIOS-e820: [mem 0x00000000f0000000-0x00000000f7ffffff] reserved
Sep 11 10:16:46 cu-cs-vm kernel: [    0.000000] BIOS-e820: [mem 0x00000000fec00000-0x00000000fec0ffff] reserved
Sep 11 10:16:46 cu-cs-vm kernel: [    0.000000] BIOS-e820: [mem 0x00000000fee00000-0x00000000fee00fff] reserved
Sep 11 10:16:46 cu-cs-vm kernel: [    0.000000] BIOS-e820: [mem 0x00000000fffe0000-0x00000000ffffffff] reserved
Sep 11 10:16:46 cu-cs-vm kernel: [    0.000000] BIOS-e820: [mem 0x0000000100000000-0x000000023fffffff] usable
Sep 11 10:16:46 cu-cs-vm kernel: [    0.000000] NX (Execute Disable) protection: active
Sep 11 10:16:46 cu-cs-vm kernel: [    0.000000] SMBIOS 2.7 present.
Sep 11 10:16:46 cu-cs-vm kernel: [    0.000000] DMI: VMware, Inc. VMware Virtual Platform/440BX Desktop Reference Platform, BIOS 6.00 04/13/2018
Sep 11 10:16:46 cu-cs-vm kernel: [    0.000000] Hypervisor detected: VMware
Sep 11 10:16:46 cu-cs-vm kernel: [    0.000000] vmware: TSC freq read from hypervisor : 2592.002 MHz
Sep 11 10:16:46 cu-cs-vm kernel: [    0.000000] vmware: Host bus clock speed read from hypervisor : 66000000 Hz
Sep 11 10:16:46 cu-cs-vm kernel: [    0.000000] vmware: using sched offset of 34378861915 ns
Sep 11 10:16:46 cu-cs-vm kernel: [    0.000000] e820: update [mem 0x00000000-0x00000fff] usable ==> reserved
Sep 11 10:16:46 cu-cs-vm kernel: [    0.000000] e820: remove [mem 0x000a0000-0x000fffff] usable
Sep 11 10:16:46 cu-cs-vm kernel: [    0.000000] e820: last_pfn = 0x240000 max_arch_pfn = 0x400000000
Sep 11 10:16:46 cu-cs-vm kernel: [    0.000000] MTRR default type: uncachable
Sep 11 10:16:46 cu-cs-vm kernel: [    0.000000] MTRR fixed ranges enabled:
Sep 11 10:16:46 cu-cs-vm kernel: [    0.000000]   00000-9FFFF write-back
Sep 11 10:16:46 cu-cs-vm kernel: [    0.000000]   A0000-BFFFF uncachable
Sep 11 10:16:46 cu-cs-vm kernel: [    0.000000]   C0000-C7FFF write-protect
Sep 11 10:16:46 cu-cs-vm kernel: [    0.000000]   C8000-CBFFF write-back
Sep 11 10:16:46 cu-cs-vm kernel: [    0.000000]   CC000-EFFFF uncachable
Sep 11 10:16:46 cu-cs-vm kernel: [    0.000000]   F0000-FFFFF write-protect
Sep 11 10:16:46 cu-cs-vm kernel: [    0.000000] MTRR variable ranges enabled:
Sep 11 10:16:46 cu-cs-vm kernel: [    0.000000]   0 base 00000000000 mask 3C000000000 write-back
Sep 11 10:16:46 cu-cs-vm kernel: [    0.000000]   1 base 000C0000000 mask 3FFC0000000 uncachable
Sep 11 10:16:46 cu-cs-vm kernel: [    0.000000]   2 disabled
Sep 11 10:16:46 cu-cs-vm kernel: [    0.000000]   3 disabled
Sep 11 10:16:46 cu-cs-vm kernel: [    0.000000]   4 disabled
Sep 11 10:16:46 cu-cs-vm kernel: [    0.000000]   5 disabled
Sep 11 10:16:46 cu-cs-vm kernel: [    0.000000]   6 disabled
Sep 11 10:16:46 cu-cs-vm kernel: [    0.000000]   7 disabled
Sep 11 10:16:46 cu-cs-vm kernel: [    0.000000] x86/PAT: Configuration [0-7]: WB  WC  UC- UC  WB  WP  UC- WT  
Sep 11 10:16:46 cu-cs-vm kernel: [    0.000000] total RAM covered: 261120M
Sep 11 10:16:46 cu-cs-vm kernel: [    0.000000]  gran_size: 64K 	chunk_size: 64K 	num_reg: 8  	lose cover RAM: 0G
Sep 11 10:16:46 cu-cs-vm kernel: [    0.000000]  gran_size: 64K 	chunk_size: 128K 	num_reg: 8  	lose cover RAM: 0G
Sep 11 10:16:46 cu-cs-vm kernel: [    0.000000]  gran_size: 64K 	chunk_size: 256K 	num_reg: 8  	lose cover RAM: 0G
Sep 11 10:16:46 cu-cs-vm kernel: [    0.000000]  gran_size: 64K 	chunk_size: 512K 	num_reg: 8  	lose cover RAM: 0G
Sep 11 10:16:46 cu-cs-vm kernel: [    0.000000]  gran_size: 64K 	chunk_size: 1M 	num_reg: 8  	lose cover RAM: 0G
Sep 11 10:16:46 cu-cs-vm kernel: [    0.000000]  gran_size: 64K 	chunk_size: 2M 	num_reg: 8  	lose cover RAM: 0G
Sep 11 10:16:46 cu-cs-vm kernel: [    0.000000]  gran_size: 64K 	chunk_size: 4M 	num_reg: 8  	lose cover RAM: 0G
Sep 11 10:16:46 cu-cs-vm kernel: [    0.000000]  gran_size: 64K 	chunk_size: 8M 	num_reg: 8  	lose cover RAM: 0G
Sep 11 10:16:46 cu-cs-vm kernel: [    0.000000]  gran_size: 64K 	chunk_size: 16M 	num_reg: 8  	lose cover RAM: 0G
Sep 11 10:16:46 cu-cs-vm kernel: [    0.000000]  gran_size: 64K 	chunk_size: 32M 	num_reg: 8  	lose cover RAM: 0G
Sep 11 10:16:46 cu-cs-vm kernel: [    0.000000]  gran_size: 64K 	chunk_size: 64M 	num_reg: 8  	lose cover RAM: 0G
Sep 11 10:16:46 cu-cs-vm kernel: [    0.000000]  gran_size: 64K 	chunk_size: 128M 	num_reg: 8  	lose cover RAM: 0G
Sep 11 10:16:46 cu-cs-vm kernel: [    0.000000]  gran_size: 64K 	chunk_size: 256M 	num_reg: 8  	lose cover RAM: 0G
Sep 11 10:16:46 cu-cs-vm kernel: [    0.000000]  gran_size: 64K 	chunk_size: 512M 	num_reg: 8  	lose cover RAM: 0G
Sep 11 10:16:46 cu-cs-vm kernel: [    0.000000]  gran_size: 64K 	chunk_size: 1G 	num_reg: 8  	lose cover RAM: 0G
Sep 11 10:16:46 cu-cs-vm kernel: [    0.000000]  gran_size: 64K 	chunk_size: 2G 	num_reg: 8  	lose cover RAM: 0G
Sep 11 10:16:46 cu-cs-vm kernel: [    0.000000]  gran_size: 128K 	chunk_size: 128K 	num_reg: 8  	lose cover RAM: 0G
Sep 11 10:16:46 cu-cs-vm kernel: [    0.000000]  gran_size: 128K 	chunk_size: 256K 	num_reg: 8  	lose cover RAM: 0G
Sep 11 10:16:46 cu-cs-vm kernel: [    0.000000]  gran_size: 128K 	chunk_size: 512K 	num_reg: 8  	lose cover RAM: 0G
Sep 11 10:16:46 cu-cs-vm kernel: [    0.000000]  gran_size: 128K 	chunk_size: 1M 	num_reg: 8  	lose cover RAM: 0G
Sep 11 10:16:46 cu-cs-vm kernel: [    0.000000]  gran_size: 128K 	chunk_size: 2M 	num_reg: 8  	lose cover RAM: 0G
Sep 11 10:16:46 cu-cs-vm kernel: [    0.000000]  gran_size: 128K 	chunk_size: 4M 	num_reg: 8  	lose cover RAM: 0G
Sep 11 10:16:46 cu-cs-vm kernel: [    0.000000]  gran_size: 128K 	chunk_size: 8M 	num_reg: 8  	lose cover RAM: 0G
Sep 11 10:16:46 cu-cs-vm kernel: [    0.000000]  gran_size: 128K 	chunk_size: 16M 	num_reg: 8  	lose cover RAM: 0G
Sep 11 10:16:46 cu-cs-vm kernel: [    0.000000]  gran_size: 128K 	chunk_size: 32M 	num_reg: 8  	lose cover RAM: 0G
Sep 11 10:16:46 cu-cs-vm kernel: [    0.000000]  gran_size: 128K 	chunk_size: 64M 	num_reg: 8  	lose cover RAM: 0G
Sep 11 10:16:46 cu-cs-vm kernel: [    0.000000]  gran_size: 128K 	chunk_size: 128M 	num_reg: 8  	lose cover RAM: 0G
Sep 11 10:16:46 cu-cs-vm kernel: [    0.000000]  gran_size: 128K 	chunk_size: 256M 	num_reg: 8  	lose cover RAM: 0G
Sep 11 10:16:46 cu-cs-vm kernel: [    0.000000]  gran_size: 128K 	chunk_size: 512M 	num_reg: 8  	lose cover RAM: 0G
Sep 11 10:16:46 cu-cs-vm kernel: [    0.000000]  gran_size: 128K 	chunk_size: 1G 	num_reg: 8  	lose cover RAM: 0G
Sep 11 10:16:46 cu-cs-vm kernel: [    0.000000]  gran_size: 128K 	chunk_size: 2G 	num_reg: 8  	lose cover RAM: 0G
Sep 11 10:16:46 cu-cs-vm kernel: [    0.000000]  gran_size: 256K 	chunk_size: 256K 	num_reg: 8  	lose cover RAM: 0G
Sep 11 10:16:46 cu-cs-vm kernel: [    0.000000]  gran_size: 256K 	chunk_size: 512K 	num_reg: 8  	lose cover RAM: 0G
Sep 11 10:16:46 cu-cs-vm kernel: [    0.000000]  gran_size: 256K 	chunk_size: 1M 	num_reg: 8  	lose cover RAM: 0G
Sep 11 10:16:46 cu-cs-vm kernel: [    0.000000]  gran_size: 256K 	chunk_size: 2M 	num_reg: 8  	lose cover RAM: 0G
Sep 11 10:16:46 cu-cs-vm kernel: [    0.000000]  gran_size: 256K 	chunk_size: 4M 	num_reg: 8  	lose cover RAM: 0G
Sep 11 10:16:46 cu-cs-vm kernel: [    0.000000]  gran_size: 256K 	chunk_size: 8M 	num_reg: 8  	lose cover RAM: 0G
Sep 11 10:16:46 cu-cs-vm kernel: [    0.000000]  gran_size: 256K 	chunk_size: 16M 	num_reg: 8  	lose cover RAM: 0G
Sep 11 10:16:46 cu-cs-vm kernel: [    0.000000]  gran_size: 256K 	chunk_size: 32M 	num_reg: 8  	lose cover RAM: 0G
Sep 11 10:16:46 cu-cs-vm kernel: [    0.000000]  gran_size: 256K 	chunk_size: 64M 	num_reg: 8  	lose cover RAM: 0G
Sep 11 10:16:46 cu-cs-vm kernel: [    0.000000]  gran_size: 256K 	chunk_size: 128M 	num_reg: 8  	lose cover RAM: 0G
Sep 11 10:16:46 cu-cs-vm kernel: [    0.000000]  gran_size: 256K 	chunk_size: 256M 	num_reg: 8  	lose cover RAM: 0G
Sep 11 10:16:46 cu-cs-vm kernel: [    0.000000]  gran_size: 256K 	chunk_size: 512M 	num_reg: 8  	lose cover RAM: 0G
Sep 11 10:16:46 cu-cs-vm kernel: [    0.000000]  gran_size: 256K 	chunk_size: 1G 	num_reg: 8  	lose cover RAM: 0G
Sep 11 10:16:46 cu-cs-vm kernel: [    0.000000]  gran_size: 256K 	chunk_size: 2G 	num_reg: 8  	lose cover RAM: 0G
Sep 11 10:16:46 cu-cs-vm kernel: [    0.000000]  gran_size: 512K 	chunk_size: 512K 	num_reg: 8  	lose cover RAM: 0G
Sep 11 10:16:46 cu-cs-vm kernel: [    0.000000]  gran_size: 512K 	chunk_size: 1M 	num_reg: 8  	lose cover RAM: 0G
Sep 11 10:16:46 cu-cs-vm kernel: [    0.000000]  gran_size: 512K 	chunk_size: 2M 	num_reg: 8  	lose cover RAM: 0G
Sep 11 10:16:46 cu-cs-vm kernel: [    0.000000]  gran_size: 512K 	chunk_size: 4M 	num_reg: 8  	lose cover RAM: 0G
Sep 11 10:16:46 cu-cs-vm kernel: [    0.000000]  gran_size: 512K 	chunk_size: 8M 	num_reg: 8  	lose cover RAM: 0G
Sep 11 10:16:46 cu-cs-vm kernel: [    0.000000]  gran_size: 512K 	chunk_size: 16M 	num_reg: 8  	lose cover RAM: 0G
Sep 11 10:16:46 cu-cs-vm kernel: [    0.000000]  gran_size: 512K 	chunk_size: 32M 	num_reg: 8  	lose cover RAM: 0G
Sep 11 10:16:46 cu-cs-vm kernel: [    0.000000]  gran_size: 512K 	chunk_size: 64M 	num_reg: 8  	lose cover RAM: 0G
Sep 11 10:16:46 cu-cs-vm kernel: [    0.000000]  gran_size: 512K 	chunk_size: 128M 	num_reg: 8  	lose cover RAM: 0G
Sep 11 10:16:46 cu-cs-vm kernel: [    0.000000]  gran_size: 512K 	chunk_size: 256M 	num_reg: 8  	lose cover RAM: 0G
Sep 11 10:16:46 cu-cs-vm kernel: [    0.000000]  gran_size: 512K 	chunk_size: 512M 	num_reg: 8  	lose cover RAM: 0G
Sep 11 10:16:46 cu-cs-vm kernel: [    0.000000]  gran_size: 512K 	chunk_size: 1G 	num_reg: 8  	lose cover RAM: 0G
Sep 11 10:16:46 cu-cs-vm kernel: [    0.000000]  gran_size: 512K 	chunk_size: 2G 	num_reg: 8  	lose cover RAM: 0G
Sep 11 10:16:46 cu-cs-vm kernel: [    0.000000]  gran_size: 1M 	chunk_size: 1M 	num_reg: 8  	lose cover RAM: 0G
Sep 11 10:16:46 cu-cs-vm kernel: [    0.000000]  gran_size: 1M 	chunk_size: 2M 	num_reg: 8  	lose cover RAM: 0G
Sep 11 10:16:46 cu-cs-vm kernel: [    0.000000]  gran_size: 1M 	chunk_size: 4M 	num_reg: 8  	lose cover RAM: 0G
Sep 11 10:16:46 cu-cs-vm kernel: [    0.000000]  gran_size: 1M 	chunk_size: 8M 	num_reg: 8  	lose cover RAM: 0G
Sep 11 10:16:46 cu-cs-vm kernel: [    0.000000]  gran_size: 1M 	chunk_size: 16M 	num_reg: 8  	lose cover RAM: 0G
Sep 11 10:16:46 cu-cs-vm kernel: [    0.000000]  gran_size: 1M 	chunk_size: 32M 	num_reg: 8  	lose cover RAM: 0G
Sep 11 10:16:46 cu-cs-vm kernel: [    0.000000]  gran_size: 1M 	chunk_size: 64M 	num_reg: 8  	lose cover RAM: 0G
Sep 11 10:16:46 cu-cs-vm kernel: [    0.000000]  gran_size: 1M 	chunk_size: 128M 	num_reg: 8  	lose cover RAM: 0G
Sep 11 10:16:46 cu-cs-vm kernel: [    0.000000]  gran_size: 1M 	chunk_size: 256M 	num_reg: 8  	lose cover RAM: 0G
Sep 11 10:16:46 cu-cs-vm kernel: [    0.000000]  gran_size: 1M 	chunk_size: 512M 	num_reg: 8  	lose cover RAM: 0G
Sep 11 10:16:46 cu-cs-vm kernel: [    0.000000]  gran_size: 1M 	chunk_size: 1G 	num_reg: 8  	lose cover RAM: 0G
Sep 11 10:16:46 cu-cs-vm kernel: [    0.000000]  gran_size: 1M 	chunk_size: 2G 	num_reg: 8  	lose cover RAM: 0G
Sep 11 10:16:46 cu-cs-vm kernel: [    0.000000]  gran_size: 2M 	chunk_size: 2M 	num_reg: 8  	lose cover RAM: 0G
Sep 11 10:16:46 cu-cs-vm kernel: [    0.000000]  gran_size: 2M 	chunk_size: 4M 	num_reg: 8  	lose cover RAM: 0G
Sep 11 10:16:46 cu-cs-vm kernel: [    0.000000]  gran_size: 2M 	chunk_size: 8M 	num_reg: 8  	lose cover RAM: 0G
Sep 11 10:16:46 cu-cs-vm kernel: [    0.000000]  gran_size: 2M 	chunk_size: 16M 	num_reg: 8  	lose cover RAM: 0G
Sep 11 10:16:46 cu-cs-vm kernel: [    0.000000]  gran_size: 2M 	chunk_size: 32M 	num_reg: 8  	lose cover RAM: 0G
Sep 11 10:16:46 cu-cs-vm kernel: [    0.000000]  gran_size: 2M 	chunk_size: 64M 	num_reg: 8  	lose cover RAM: 0G
Sep 11 10:16:46 cu-cs-vm kernel: [    0.000000]  gran_size: 2M 	chunk_size: 128M 	num_reg: 8  	lose cover RAM: 0G
Sep 11 10:16:46 cu-cs-vm kernel: [    0.000000]  gran_size: 2M 	chunk_size: 256M 	num_reg: 8  	lose cover RAM: 0G
Sep 11 10:16:46 cu-cs-vm kernel: [    0.000000]  gran_size: 2M 	chunk_size: 512M 	num_reg: 8  	lose cover RAM: 0G
Sep 11 10:16:46 cu-cs-vm kernel: [    0.000000]  gran_size: 2M 	chunk_size: 1G 	num_reg: 8  	lose cover RAM: 0G
Sep 11 10:16:46 cu-cs-vm kernel: [    0.000000]  gran_size: 2M 	chunk_size: 2G 	num_reg: 8  	lose cover RAM: 0G
Sep 11 10:16:46 cu-cs-vm kernel: [    0.000000]  gran_size: 4M 	chunk_size: 4M 	num_reg: 8  	lose cover RAM: 0G
Sep 11 10:16:46 cu-cs-vm kernel: [    0.000000]  gran_size: 4M 	chunk_size: 8M 	num_reg: 8  	lose cover RAM: 0G
Sep 11 10:16:46 cu-cs-vm kernel: [    0.000000]  gran_size: 4M 	chunk_size: 16M 	num_reg: 8  	lose cover RAM: 0G
Sep 11 10:16:46 cu-cs-vm kernel: [    0.000000]  gran_size: 4M 	chunk_size: 32M 	num_reg: 8  	lose cover RAM: 0G
Sep 11 10:16:46 cu-cs-vm kernel: [    0.000000]  gran_size: 4M 	chunk_size: 64M 	num_reg: 8  	lose cover RAM: 0G
Sep 11 10:16:46 cu-cs-vm kernel: [    0.000000]  gran_size: 4M 	chunk_size: 128M 	num_reg: 8  	lose cover RAM: 0G
Sep 11 10:16:46 cu-cs-vm kernel: [    0.000000]  gran_size: 4M 	chunk_size: 256M 	num_reg: 8  	lose cover RAM: 0G
Sep 11 10:16:46 cu-cs-vm kernel: [    0.000000]  gran_size: 4M 	chunk_size: 512M 	num_reg: 8  	lose cover RAM: 0G
Sep 11 10:16:46 cu-cs-vm kernel: [    0.000000]  gran_size: 4M 	chunk_size: 1G 	num_reg: 8  	lose cover RAM: 0G
Sep 11 10:16:46 cu-cs-vm kernel: [    0.000000]  gran_size: 4M 	chunk_size: 2G 	num_reg: 8  	lose cover RAM: 0G
Sep 11 10:16:46 cu-cs-vm kernel: [    0.000000]  gran_size: 8M 	chunk_size: 8M 	num_reg: 8  	lose cover RAM: 0G
Sep 11 10:16:46 cu-cs-vm kernel: [    0.000000]  gran_size: 8M 	chunk_size: 16M 	num_reg: 8  	lose cover RAM: 0G
Sep 11 10:16:46 cu-cs-vm kernel: [    0.000000]  gran_size: 8M 	chunk_size: 32M 	num_reg: 8  	lose cover RAM: 0G
Sep 11 10:16:46 cu-cs-vm kernel: [    0.000000]  gran_size: 8M 	chunk_size: 64M 	num_reg: 8  	lose cover RAM: 0G
Sep 11 10:16:46 cu-cs-vm kernel: [    0.000000]  gran_size: 8M 	chunk_size: 128M 	num_reg: 8  	lose cover RAM: 0G
Sep 11 10:16:46 cu-cs-vm kernel: [    0.000000]  gran_size: 8M 	chunk_size: 256M 	num_reg: 8  	lose cover RAM: 0G
Sep 11 10:16:46 cu-cs-vm kernel: [    0.000000]  gran_size: 8M 	chunk_size: 512M 	num_reg: 8  	lose cover RAM: 0G
Sep 11 10:16:46 cu-cs-vm kernel: [    0.000000]  gran_size: 8M 	chunk_size: 1G 	num_reg: 8  	lose cover RAM: 0G
Sep 11 10:16:46 cu-cs-vm kernel: [    0.000000]  gran_size: 8M 	chunk_size: 2G 	num_reg: 8  	lose cover RAM: 0G
Sep 11 10:16:46 cu-cs-vm kernel: [    0.000000]  gran_size: 16M 	chunk_size: 16M 	num_reg: 8  	lose cover RAM: 0G
Sep 11 10:16:46 cu-cs-vm kernel: [    0.000000]  gran_size: 16M 	chunk_size: 32M 	num_reg: 8  	lose cover RAM: 0G
Sep 11 10:16:46 cu-cs-vm kernel: [    0.000000]  gran_size: 16M 	chunk_size: 64M 	num_reg: 8  	lose cover RAM: 0G
Sep 11 10:16:46 cu-cs-vm kernel: [    0.000000]  gran_size: 16M 	chunk_size: 128M 	num_reg: 8  	lose cover RAM: 0G
Sep 11 10:16:46 cu-cs-vm kernel: [    0.000000]  gran_size: 16M 	chunk_size: 256M 	num_reg: 8  	lose cover RAM: 0G
Sep 11 10:16:46 cu-cs-vm kernel: [    0.000000]  gran_size: 16M 	chunk_size: 512M 	num_reg: 8  	lose cover RAM: 0G
Sep 11 10:16:46 cu-cs-vm kernel: [    0.000000]  gran_size: 16M 	chunk_size: 1G 	num_reg: 8  	lose cover RAM: 0G
Sep 11 10:16:46 cu-cs-vm kernel: [    0.000000]  gran_size: 16M 	chunk_size: 2G 	num_reg: 8  	lose cover RAM: 0G
Sep 11 10:16:46 cu-cs-vm kernel: [    0.000000]  gran_size: 32M 	chunk_size: 32M 	num_reg: 8  	lose cover RAM: 0G
Sep 11 10:16:46 cu-cs-vm kernel: [    0.000000]  gran_size: 32M 	chunk_size: 64M 	num_reg: 8  	lose cover RAM: 0G
Sep 11 10:16:46 cu-cs-vm kernel: [    0.000000]  gran_size: 32M 	chunk_size: 128M 	num_reg: 8  	lose cover RAM: 0G
Sep 11 10:16:46 cu-cs-vm kernel: [    0.000000]  gran_size: 32M 	chunk_size: 256M 	num_reg: 8  	lose cover RAM: 0G
Sep 11 10:16:46 cu-cs-vm kernel: [    0.000000]  gran_size: 32M 	chunk_size: 512M 	num_reg: 8  	lose cover RAM: 0G
Sep 11 10:16:46 cu-cs-vm kernel: [    0.000000]  gran_size: 32M 	chunk_size: 1G 	num_reg: 8  	lose cover RAM: 0G
Sep 11 10:16:46 cu-cs-vm kernel: [    0.000000]  gran_size: 32M 	chunk_size: 2G 	num_reg: 8  	lose cover RAM: 0G
Sep 11 10:16:46 cu-cs-vm kernel: [    0.000000]  gran_size: 64M 	chunk_size: 64M 	num_reg: 8  	lose cover RAM: 0G
Sep 11 10:16:46 cu-cs-vm kernel: [    0.000000]  gran_size: 64M 	chunk_size: 128M 	num_reg: 8  	lose cover RAM: 0G
Sep 11 10:16:46 cu-cs-vm kernel: [    0.000000]  gran_size: 64M 	chunk_size: 256M 	num_reg: 8  	lose cover RAM: 0G
Sep 11 10:16:46 cu-cs-vm kernel: [    0.000000]  gran_size: 64M 	chunk_size: 512M 	num_reg: 8  	lose cover RAM: 0G
Sep 11 10:16:46 cu-cs-vm kernel: [    0.000000]  gran_size: 64M 	chunk_size: 1G 	num_reg: 8  	lose cover RAM: 0G
Sep 11 10:16:46 cu-cs-vm kernel: [    0.000000]  gran_size: 64M 	chunk_size: 2G 	num_reg: 8  	lose cover RAM: 0G
Sep 11 10:16:46 cu-cs-vm kernel: [    0.000000]  gran_size: 128M 	chunk_size: 128M 	num_reg: 8  	lose cover RAM: 0G
Sep 11 10:16:46 cu-cs-vm kernel: [    0.000000]  gran_size: 128M 	chunk_size: 256M 	num_reg: 8  	lose cover RAM: 0G
Sep 11 10:16:46 cu-cs-vm kernel: [    0.000000]  gran_size: 128M 	chunk_size: 512M 	num_reg: 8  	lose cover RAM: 0G
Sep 11 10:16:46 cu-cs-vm kernel: [    0.000000]  gran_size: 128M 	chunk_size: 1G 	num_reg: 8  	lose cover RAM: 0G
Sep 11 10:16:46 cu-cs-vm kernel: [    0.000000]  gran_size: 128M 	chunk_size: 2G 	num_reg: 8  	lose cover RAM: 0G
Sep 11 10:16:46 cu-cs-vm kernel: [    0.000000]  gran_size: 256M 	chunk_size: 256M 	num_reg: 8  	lose cover RAM: 0G
Sep 11 10:16:46 cu-cs-vm kernel: [    0.000000]  gran_size: 256M 	chunk_size: 512M 	num_reg: 8  	lose cover RAM: 0G
Sep 11 10:16:46 cu-cs-vm kernel: [    0.000000]  gran_size: 256M 	chunk_size: 1G 	num_reg: 8  	lose cover RAM: 0G
Sep 11 10:16:46 cu-cs-vm kernel: [    0.000000]  gran_size: 256M 	chunk_size: 2G 	num_reg: 8  	lose cover RAM: 0G
Sep 11 10:16:46 cu-cs-vm kernel: [    0.000000]  gran_size: 512M 	chunk_size: 512M 	num_reg: 8  	lose cover RAM: 0G
Sep 11 10:16:46 cu-cs-vm kernel: [    0.000000]  gran_size: 512M 	chunk_size: 1G 	num_reg: 8  	lose cover RAM: 0G
Sep 11 10:16:46 cu-cs-vm kernel: [    0.000000]  gran_size: 512M 	chunk_size: 2G 	num_reg: 8  	lose cover RAM: 0G
Sep 11 10:16:46 cu-cs-vm kernel: [    0.000000]  gran_size: 1G 	chunk_size: 1G 	num_reg: 8  	lose cover RAM: 0G
Sep 11 10:16:46 cu-cs-vm kernel: [    0.000000]  gran_size: 1G 	chunk_size: 2G 	num_reg: 8  	lose cover RAM: 0G
Sep 11 10:16:46 cu-cs-vm kernel: [    0.000000]  gran_size: 2G 	chunk_size: 2G 	num_reg: 7  	lose cover RAM: 1G
Sep 11 10:16:46 cu-cs-vm kernel: [    0.000000] mtrr_cleanup: can not find optimal value
Sep 11 10:16:46 cu-cs-vm kernel: [    0.000000] please specify mtrr_gran_size/mtrr_chunk_size
Sep 11 10:16:46 cu-cs-vm kernel: [    0.000000] e820: update [mem 0xc0000000-0xffffffff] usable ==> reserved
Sep 11 10:16:46 cu-cs-vm kernel: [    0.000000] e820: last_pfn = 0xc0000 max_arch_pfn = 0x400000000
Sep 11 10:16:46 cu-cs-vm kernel: [    0.000000] found SMP MP-table at [mem 0x000f6a80-0x000f6a8f]
Sep 11 10:16:46 cu-cs-vm kernel: [    0.000000] Scanning 1 areas for low memory corruption
Sep 11 10:16:46 cu-cs-vm kernel: [    0.000000] Using GB pages for direct mapping
Sep 11 10:16:46 cu-cs-vm kernel: [    0.000000] BRK [0x19593f000, 0x19593ffff] PGTABLE
Sep 11 10:16:46 cu-cs-vm kernel: [    0.000000] BRK [0x195940000, 0x195940fff] PGTABLE
Sep 11 10:16:46 cu-cs-vm kernel: [    0.000000] BRK [0x195941000, 0x195941fff] PGTABLE
Sep 11 10:16:46 cu-cs-vm kernel: [    0.000000] BRK [0x195942000, 0x195942fff] PGTABLE
Sep 11 10:16:46 cu-cs-vm kernel: [    0.000000] BRK [0x195943000, 0x195943fff] PGTABLE
Sep 11 10:16:46 cu-cs-vm kernel: [    0.000000] BRK [0x195944000, 0x195944fff] PGTABLE
Sep 11 10:16:46 cu-cs-vm kernel: [    0.000000] RAMDISK: [mem 0x1cfaf000-0x37feffff]
Sep 11 10:16:46 cu-cs-vm kernel: [    0.000000] ACPI: Early table checksum verification disabled
Sep 11 10:16:46 cu-cs-vm kernel: [    0.000000] ACPI: RSDP 0x00000000000F6A10 000024 (v02 PTLTD )
Sep 11 10:16:46 cu-cs-vm kernel: [    0.000000] ACPI: XSDT 0x00000000BFEDB677 000054 (v01 INTEL  440BX    06040000 VMW  01324272)
Sep 11 10:16:46 cu-cs-vm kernel: [    0.000000] ACPI: FACP 0x00000000BFEFEE73 0000F4 (v04 INTEL  440BX    06040000 PTL  000F4240)
Sep 11 10:16:46 cu-cs-vm kernel: [    0.000000] ACPI: DSDT 0x00000000BFEDD5F1 021882 (v01 PTLTD  Custom   06040000 MSFT 03000001)
Sep 11 10:16:46 cu-cs-vm kernel: [    0.000000] ACPI: FACS 0x00000000BFEFFFC0 000040
Sep 11 10:16:46 cu-cs-vm kernel: [    0.000000] ACPI: FACS 0x00000000BFEFFFC0 000040
Sep 11 10:16:46 cu-cs-vm kernel: [    0.000000] ACPI: BOOT 0x00000000BFEDD5C9 000028 (v01 PTLTD  $SBFTBL$ 06040000  LTP 00000001)
Sep 11 10:16:46 cu-cs-vm kernel: [    0.000000] ACPI: APIC 0x00000000BFEDC8BD 000742 (v01 PTLTD  ? APIC   06040000  LTP 00000000)
Sep 11 10:16:46 cu-cs-vm kernel: [    0.000000] ACPI: MCFG 0x00000000BFEDC881 00003C (v01 PTLTD  $PCITBL$ 06040000  LTP 00000001)
Sep 11 10:16:46 cu-cs-vm kernel: [    0.000000] ACPI: SRAT 0x00000000BFEDB72F 0008D0 (v02 VMWARE MEMPLUG  06040000 VMW  00000001)
Sep 11 10:16:46 cu-cs-vm kernel: [    0.000000] ACPI: WAET 0x00000000BFEDB707 000028 (v01 VMWARE VMW WAET 06040000 VMW  00000001)
Sep 11 10:16:46 cu-cs-vm kernel: [    0.000000] ACPI: Local APIC address 0xfee00000
Sep 11 10:16:46 cu-cs-vm kernel: [    0.000000] system APIC only can use physical flat
Sep 11 10:16:46 cu-cs-vm kernel: [    0.000000] Setting APIC routing to physical flat.
Sep 11 10:16:46 cu-cs-vm kernel: [    0.000000] SRAT: PXM 0 -> APIC 0x00 -> Node 0
Sep 11 10:16:46 cu-cs-vm kernel: [    0.000000] SRAT: PXM 0 -> APIC 0x02 -> Node 0
Sep 11 10:16:46 cu-cs-vm kernel: [    0.000000] SRAT: PXM 0 -> APIC 0x04 -> Node 0
Sep 11 10:16:46 cu-cs-vm kernel: [    0.000000] SRAT: PXM 0 -> APIC 0x06 -> Node 0
Sep 11 10:16:46 cu-cs-vm kernel: [    0.000000] SRAT: PXM 0 -> APIC 0x08 -> Node 0
Sep 11 10:16:46 cu-cs-vm kernel: [    0.000000] SRAT: PXM 0 -> APIC 0x0a -> Node 0
Sep 11 10:16:46 cu-cs-vm kernel: [    0.000000] SRAT: PXM 0 -> APIC 0x0c -> Node 0
Sep 11 10:16:46 cu-cs-vm kernel: [    0.000000] SRAT: PXM 0 -> APIC 0x0e -> Node 0
Sep 11 10:16:46 cu-cs-vm kernel: [    0.000000] SRAT: PXM 0 -> APIC 0x10 -> Node 0
Sep 11 10:16:46 cu-cs-vm kernel: [    0.000000] SRAT: PXM 0 -> APIC 0x12 -> Node 0
Sep 11 10:16:46 cu-cs-vm kernel: [    0.000000] SRAT: PXM 0 -> APIC 0x14 -> Node 0
Sep 11 10:16:46 cu-cs-vm kernel: [    0.000000] SRAT: PXM 0 -> APIC 0x16 -> Node 0
Sep 11 10:16:46 cu-cs-vm kernel: [    0.000000] SRAT: PXM 0 -> APIC 0x18 -> Node 0
Sep 11 10:16:46 cu-cs-vm kernel: [    0.000000] SRAT: PXM 0 -> APIC 0x1a -> Node 0
Sep 11 10:16:46 cu-cs-vm kernel: [    0.000000] SRAT: PXM 0 -> APIC 0x1c -> Node 0
Sep 11 10:16:46 cu-cs-vm kernel: [    0.000000] SRAT: PXM 0 -> APIC 0x1e -> Node 0
Sep 11 10:16:46 cu-cs-vm kernel: [    0.000000] SRAT: PXM 0 -> APIC 0x20 -> Node 0
Sep 11 10:16:46 cu-cs-vm kernel: [    0.000000] SRAT: PXM 0 -> APIC 0x22 -> Node 0
Sep 11 10:16:46 cu-cs-vm kernel: [    0.000000] SRAT: PXM 0 -> APIC 0x24 -> Node 0
Sep 11 10:16:46 cu-cs-vm kernel: [    0.000000] SRAT: PXM 0 -> APIC 0x26 -> Node 0
Sep 11 10:16:46 cu-cs-vm kernel: [    0.000000] SRAT: PXM 0 -> APIC 0x28 -> Node 0
Sep 11 10:16:46 cu-cs-vm kernel: [    0.000000] SRAT: PXM 0 -> APIC 0x2a -> Node 0
Sep 11 10:16:46 cu-cs-vm kernel: [    0.000000] SRAT: PXM 0 -> APIC 0x2c -> Node 0
Sep 11 10:16:46 cu-cs-vm kernel: [    0.000000] SRAT: PXM 0 -> APIC 0x2e -> Node 0
Sep 11 10:16:46 cu-cs-vm kernel: [    0.000000] SRAT: PXM 0 -> APIC 0x30 -> Node 0
Sep 11 10:16:46 cu-cs-vm kernel: [    0.000000] SRAT: PXM 0 -> APIC 0x32 -> Node 0
Sep 11 10:16:46 cu-cs-vm kernel: [    0.000000] SRAT: PXM 0 -> APIC 0x34 -> Node 0
Sep 11 10:16:46 cu-cs-vm kernel: [    0.000000] SRAT: PXM 0 -> APIC 0x36 -> Node 0
Sep 11 10:16:46 cu-cs-vm kernel: [    0.000000] SRAT: PXM 0 -> APIC 0x38 -> Node 0
Sep 11 10:16:46 cu-cs-vm kernel: [    0.000000] SRAT: PXM 0 -> APIC 0x3a -> Node 0
Sep 11 10:16:46 cu-cs-vm kernel: [    0.000000] SRAT: PXM 0 -> APIC 0x3c -> Node 0
Sep 11 10:16:46 cu-cs-vm kernel: [    0.000000] SRAT: PXM 0 -> APIC 0x3e -> Node 0
Sep 11 10:16:46 cu-cs-vm kernel: [    0.000000] SRAT: PXM 0 -> APIC 0x40 -> Node 0
Sep 11 10:16:46 cu-cs-vm kernel: [    0.000000] SRAT: PXM 0 -> APIC 0x42 -> Node 0
Sep 11 10:16:46 cu-cs-vm kernel: [    0.000000] SRAT: PXM 0 -> APIC 0x44 -> Node 0
Sep 11 10:16:46 cu-cs-vm kernel: [    0.000000] SRAT: PXM 0 -> APIC 0x46 -> Node 0
Sep 11 10:16:46 cu-cs-vm kernel: [    0.000000] SRAT: PXM 0 -> APIC 0x48 -> Node 0
Sep 11 10:16:46 cu-cs-vm kernel: [    0.000000] SRAT: PXM 0 -> APIC 0x4a -> Node 0
Sep 11 10:16:46 cu-cs-vm kernel: [    0.000000] SRAT: PXM 0 -> APIC 0x4c -> Node 0
Sep 11 10:16:46 cu-cs-vm kernel: [    0.000000] SRAT: PXM 0 -> APIC 0x4e -> Node 0
Sep 11 10:16:46 cu-cs-vm kernel: [    0.000000] SRAT: PXM 0 -> APIC 0x50 -> Node 0
Sep 11 10:16:46 cu-cs-vm kernel: [    0.000000] SRAT: PXM 0 -> APIC 0x52 -> Node 0
Sep 11 10:16:46 cu-cs-vm kernel: [    0.000000] SRAT: PXM 0 -> APIC 0x54 -> Node 0
Sep 11 10:16:46 cu-cs-vm kernel: [    0.000000] SRAT: PXM 0 -> APIC 0x56 -> Node 0
Sep 11 10:16:46 cu-cs-vm kernel: [    0.000000] SRAT: PXM 0 -> APIC 0x58 -> Node 0
Sep 11 10:16:46 cu-cs-vm kernel: [    0.000000] SRAT: PXM 0 -> APIC 0x5a -> Node 0
Sep 11 10:16:46 cu-cs-vm kernel: [    0.000000] SRAT: PXM 0 -> APIC 0x5c -> Node 0
Sep 11 10:16:46 cu-cs-vm kernel: [    0.000000] SRAT: PXM 0 -> APIC 0x5e -> Node 0
Sep 11 10:16:46 cu-cs-vm kernel: [    0.000000] SRAT: PXM 0 -> APIC 0x60 -> Node 0
Sep 11 10:16:46 cu-cs-vm kernel: [    0.000000] SRAT: PXM 0 -> APIC 0x62 -> Node 0
Sep 11 10:16:46 cu-cs-vm kernel: [    0.000000] SRAT: PXM 0 -> APIC 0x64 -> Node 0
Sep 11 10:16:46 cu-cs-vm kernel: [    0.000000] SRAT: PXM 0 -> APIC 0x66 -> Node 0
Sep 11 10:16:46 cu-cs-vm kernel: [    0.000000] SRAT: PXM 0 -> APIC 0x68 -> Node 0
Sep 11 10:16:46 cu-cs-vm kernel: [    0.000000] SRAT: PXM 0 -> APIC 0x6a -> Node 0
Sep 11 10:16:46 cu-cs-vm kernel: [    0.000000] SRAT: PXM 0 -> APIC 0x6c -> Node 0
Sep 11 10:16:46 cu-cs-vm kernel: [    0.000000] SRAT: PXM 0 -> APIC 0x6e -> Node 0
Sep 11 10:16:46 cu-cs-vm kernel: [    0.000000] SRAT: PXM 0 -> APIC 0x70 -> Node 0
Sep 11 10:16:46 cu-cs-vm kernel: [    0.000000] SRAT: PXM 0 -> APIC 0x72 -> Node 0
Sep 11 10:16:46 cu-cs-vm kernel: [    0.000000] SRAT: PXM 0 -> APIC 0x74 -> Node 0
Sep 11 10:16:46 cu-cs-vm kernel: [    0.000000] SRAT: PXM 0 -> APIC 0x76 -> Node 0
Sep 11 10:16:46 cu-cs-vm kernel: [    0.000000] SRAT: PXM 0 -> APIC 0x78 -> Node 0
Sep 11 10:16:46 cu-cs-vm kernel: [    0.000000] SRAT: PXM 0 -> APIC 0x7a -> Node 0
Sep 11 10:16:46 cu-cs-vm kernel: [    0.000000] SRAT: PXM 0 -> APIC 0x7c -> Node 0
Sep 11 10:16:46 cu-cs-vm kernel: [    0.000000] SRAT: PXM 0 -> APIC 0x7e -> Node 0
Sep 11 10:16:46 cu-cs-vm kernel: [    0.000000] SRAT: PXM 0 -> APIC 0x80 -> Node 0
Sep 11 10:16:46 cu-cs-vm kernel: [    0.000000] SRAT: PXM 0 -> APIC 0x82 -> Node 0
Sep 11 10:16:46 cu-cs-vm kernel: [    0.000000] SRAT: PXM 0 -> APIC 0x84 -> Node 0
Sep 11 10:16:46 cu-cs-vm kernel: [    0.000000] SRAT: PXM 0 -> APIC 0x86 -> Node 0
Sep 11 10:16:46 cu-cs-vm kernel: [    0.000000] SRAT: PXM 0 -> APIC 0x88 -> Node 0
Sep 11 10:16:46 cu-cs-vm kernel: [    0.000000] SRAT: PXM 0 -> APIC 0x8a -> Node 0
Sep 11 10:16:46 cu-cs-vm kernel: [    0.000000] SRAT: PXM 0 -> APIC 0x8c -> Node 0
Sep 11 10:16:46 cu-cs-vm kernel: [    0.000000] SRAT: PXM 0 -> APIC 0x8e -> Node 0
Sep 11 10:16:46 cu-cs-vm kernel: [    0.000000] SRAT: PXM 0 -> APIC 0x90 -> Node 0
Sep 11 10:16:46 cu-cs-vm kernel: [    0.000000] SRAT: PXM 0 -> APIC 0x92 -> Node 0
Sep 11 10:16:46 cu-cs-vm kernel: [    0.000000] SRAT: PXM 0 -> APIC 0x94 -> Node 0
Sep 11 10:16:46 cu-cs-vm kernel: [    0.000000] SRAT: PXM 0 -> APIC 0x96 -> Node 0
Sep 11 10:16:46 cu-cs-vm kernel: [    0.000000] SRAT: PXM 0 -> APIC 0x98 -> Node 0
Sep 11 10:16:46 cu-cs-vm kernel: [    0.000000] SRAT: PXM 0 -> APIC 0x9a -> Node 0
Sep 11 10:16:46 cu-cs-vm kernel: [    0.000000] SRAT: PXM 0 -> APIC 0x9c -> Node 0
Sep 11 10:16:46 cu-cs-vm kernel: [    0.000000] SRAT: PXM 0 -> APIC 0x9e -> Node 0
Sep 11 10:16:46 cu-cs-vm kernel: [    0.000000] SRAT: PXM 0 -> APIC 0xa0 -> Node 0
Sep 11 10:16:46 cu-cs-vm kernel: [    0.000000] SRAT: PXM 0 -> APIC 0xa2 -> Node 0
Sep 11 10:16:46 cu-cs-vm kernel: [    0.000000] SRAT: PXM 0 -> APIC 0xa4 -> Node 0
Sep 11 10:16:46 cu-cs-vm kernel: [    0.000000] SRAT: PXM 0 -> APIC 0xa6 -> Node 0
Sep 11 10:16:46 cu-cs-vm kernel: [    0.000000] SRAT: PXM 0 -> APIC 0xa8 -> Node 0
Sep 11 10:16:46 cu-cs-vm kernel: [    0.000000] SRAT: PXM 0 -> APIC 0xaa -> Node 0
Sep 11 10:16:46 cu-cs-vm kernel: [    0.000000] SRAT: PXM 0 -> APIC 0xac -> Node 0
Sep 11 10:16:46 cu-cs-vm kernel: [    0.000000] SRAT: PXM 0 -> APIC 0xae -> Node 0
Sep 11 10:16:46 cu-cs-vm kernel: [    0.000000] SRAT: PXM 0 -> APIC 0xb0 -> Node 0
Sep 11 10:16:46 cu-cs-vm kernel: [    0.000000] SRAT: PXM 0 -> APIC 0xb2 -> Node 0
Sep 11 10:16:46 cu-cs-vm kernel: [    0.000000] SRAT: PXM 0 -> APIC 0xb4 -> Node 0
Sep 11 10:16:46 cu-cs-vm kernel: [    0.000000] SRAT: PXM 0 -> APIC 0xb6 -> Node 0
Sep 11 10:16:46 cu-cs-vm kernel: [    0.000000] SRAT: PXM 0 -> APIC 0xb8 -> Node 0
Sep 11 10:16:46 cu-cs-vm kernel: [    0.000000] SRAT: PXM 0 -> APIC 0xba -> Node 0
Sep 11 10:16:46 cu-cs-vm kernel: [    0.000000] SRAT: PXM 0 -> APIC 0xbc -> Node 0
Sep 11 10:16:46 cu-cs-vm kernel: [    0.000000] SRAT: PXM 0 -> APIC 0xbe -> Node 0
Sep 11 10:16:46 cu-cs-vm kernel: [    0.000000] SRAT: PXM 0 -> APIC 0xc0 -> Node 0
Sep 11 10:16:46 cu-cs-vm kernel: [    0.000000] SRAT: PXM 0 -> APIC 0xc2 -> Node 0
Sep 11 10:16:46 cu-cs-vm kernel: [    0.000000] SRAT: PXM 0 -> APIC 0xc4 -> Node 0
Sep 11 10:16:46 cu-cs-vm kernel: [    0.000000] SRAT: PXM 0 -> APIC 0xc6 -> Node 0
Sep 11 10:16:46 cu-cs-vm kernel: [    0.000000] SRAT: PXM 0 -> APIC 0xc8 -> Node 0
Sep 11 10:16:46 cu-cs-vm kernel: [    0.000000] SRAT: PXM 0 -> APIC 0xca -> Node 0
Sep 11 10:16:46 cu-cs-vm kernel: [    0.000000] SRAT: PXM 0 -> APIC 0xcc -> Node 0
Sep 11 10:16:46 cu-cs-vm kernel: [    0.000000] SRAT: PXM 0 -> APIC 0xce -> Node 0
Sep 11 10:16:46 cu-cs-vm kernel: [    0.000000] SRAT: PXM 0 -> APIC 0xd0 -> Node 0
Sep 11 10:16:46 cu-cs-vm kernel: [    0.000000] SRAT: PXM 0 -> APIC 0xd2 -> Node 0
Sep 11 10:16:46 cu-cs-vm kernel: [    0.000000] SRAT: PXM 0 -> APIC 0xd4 -> Node 0
Sep 11 10:16:46 cu-cs-vm kernel: [    0.000000] SRAT: PXM 0 -> APIC 0xd6 -> Node 0
Sep 11 10:16:46 cu-cs-vm kernel: [    0.000000] SRAT: PXM 0 -> APIC 0xd8 -> Node 0
Sep 11 10:16:46 cu-cs-vm kernel: [    0.000000] SRAT: PXM 0 -> APIC 0xda -> Node 0
Sep 11 10:16:46 cu-cs-vm kernel: [    0.000000] SRAT: PXM 0 -> APIC 0xdc -> Node 0
Sep 11 10:16:46 cu-cs-vm kernel: [    0.000000] SRAT: PXM 0 -> APIC 0xde -> Node 0
Sep 11 10:16:46 cu-cs-vm kernel: [    0.000000] SRAT: PXM 0 -> APIC 0xe0 -> Node 0
Sep 11 10:16:46 cu-cs-vm kernel: [    0.000000] SRAT: PXM 0 -> APIC 0xe2 -> Node 0
Sep 11 10:16:46 cu-cs-vm kernel: [    0.000000] SRAT: PXM 0 -> APIC 0xe4 -> Node 0
Sep 11 10:16:46 cu-cs-vm kernel: [    0.000000] SRAT: PXM 0 -> APIC 0xe6 -> Node 0
Sep 11 10:16:46 cu-cs-vm kernel: [    0.000000] SRAT: PXM 0 -> APIC 0xe8 -> Node 0
Sep 11 10:16:46 cu-cs-vm kernel: [    0.000000] SRAT: PXM 0 -> APIC 0xea -> Node 0
Sep 11 10:16:46 cu-cs-vm kernel: [    0.000000] SRAT: PXM 0 -> APIC 0xec -> Node 0
Sep 11 10:16:46 cu-cs-vm kernel: [    0.000000] SRAT: PXM 0 -> APIC 0xee -> Node 0
Sep 11 10:16:46 cu-cs-vm kernel: [    0.000000] SRAT: PXM 0 -> APIC 0xf0 -> Node 0
Sep 11 10:16:46 cu-cs-vm kernel: [    0.000000] SRAT: PXM 0 -> APIC 0xf2 -> Node 0
Sep 11 10:16:46 cu-cs-vm kernel: [    0.000000] SRAT: PXM 0 -> APIC 0xf4 -> Node 0
Sep 11 10:16:46 cu-cs-vm kernel: [    0.000000] SRAT: PXM 0 -> APIC 0xf6 -> Node 0
Sep 11 10:16:46 cu-cs-vm kernel: [    0.000000] SRAT: PXM 0 -> APIC 0xf8 -> Node 0
Sep 11 10:16:46 cu-cs-vm kernel: [    0.000000] SRAT: PXM 0 -> APIC 0xfa -> Node 0
Sep 11 10:16:46 cu-cs-vm kernel: [    0.000000] SRAT: PXM 0 -> APIC 0xfc -> Node 0
Sep 11 10:16:46 cu-cs-vm kernel: [    0.000000] SRAT: PXM 0 -> APIC 0xfe -> Node 0
Sep 11 10:16:46 cu-cs-vm kernel: [    0.000000] ACPI: SRAT: Node 0 PXM 0 [mem 0x00000000-0x0009ffff]
Sep 11 10:16:46 cu-cs-vm kernel: [    0.000000] ACPI: SRAT: Node 0 PXM 0 [mem 0x00100000-0xbfffffff]
Sep 11 10:16:46 cu-cs-vm kernel: [    0.000000] ACPI: SRAT: Node 0 PXM 0 [mem 0x100000000-0x23fffffff]
Sep 11 10:16:46 cu-cs-vm kernel: [    0.000000] ACPI: SRAT: Node 0 PXM 0 [mem 0x240000000-0x203fffffff] hotplug
Sep 11 10:16:46 cu-cs-vm kernel: [    0.000000] NUMA: Node 0 [mem 0x00000000-0x0009ffff] + [mem 0x00100000-0xbfffffff] -> [mem 0x00000000-0xbfffffff]
Sep 11 10:16:46 cu-cs-vm kernel: [    0.000000] NUMA: Node 0 [mem 0x00000000-0xbfffffff] + [mem 0x100000000-0x23fffffff] -> [mem 0x00000000-0x23fffffff]
Sep 11 10:16:46 cu-cs-vm kernel: [    0.000000] NODE_DATA(0) allocated [mem 0x23ffd5000-0x23fffffff]
Sep 11 10:16:46 cu-cs-vm kernel: [    0.000000] Zone ranges:
Sep 11 10:16:46 cu-cs-vm kernel: [    0.000000]   DMA      [mem 0x0000000000001000-0x0000000000ffffff]
Sep 11 10:16:46 cu-cs-vm kernel: [    0.000000]   DMA32    [mem 0x0000000001000000-0x00000000ffffffff]
Sep 11 10:16:46 cu-cs-vm kernel: [    0.000000]   Normal   [mem 0x0000000100000000-0x000000023fffffff]
Sep 11 10:16:46 cu-cs-vm kernel: [    0.000000]   Device   empty
Sep 11 10:16:46 cu-cs-vm kernel: [    0.000000] Movable zone start for each node
Sep 11 10:16:46 cu-cs-vm kernel: [    0.000000] Early memory node ranges
Sep 11 10:16:46 cu-cs-vm kernel: [    0.000000]   node   0: [mem 0x0000000000001000-0x000000000009dfff]
Sep 11 10:16:46 cu-cs-vm kernel: [    0.000000]   node   0: [mem 0x0000000000100000-0x00000000bfecffff]
Sep 11 10:16:46 cu-cs-vm kernel: [    0.000000]   node   0: [mem 0x00000000bff00000-0x00000000bfffffff]
Sep 11 10:16:46 cu-cs-vm kernel: [    0.000000]   node   0: [mem 0x0000000100000000-0x000000023fffffff]
Sep 11 10:16:46 cu-cs-vm kernel: [    0.000000] Reserved but unavailable: 99 pages
Sep 11 10:16:46 cu-cs-vm kernel: [    0.000000] Initmem setup node 0 [mem 0x0000000000001000-0x000000023fffffff]
Sep 11 10:16:46 cu-cs-vm kernel: [    0.000000] On node 0 totalpages: 2097005
Sep 11 10:16:46 cu-cs-vm kernel: [    0.000000]   DMA zone: 64 pages used for memmap
Sep 11 10:16:46 cu-cs-vm kernel: [    0.000000]   DMA zone: 21 pages reserved
Sep 11 10:16:46 cu-cs-vm kernel: [    0.000000]   DMA zone: 3997 pages, LIFO batch:0
Sep 11 10:16:46 cu-cs-vm kernel: [    0.000000]   DMA32 zone: 12224 pages used for memmap
Sep 11 10:16:46 cu-cs-vm kernel: [    0.000000]   DMA32 zone: 782288 pages, LIFO batch:31
Sep 11 10:16:46 cu-cs-vm kernel: [    0.000000]   Normal zone: 20480 pages used for memmap
Sep 11 10:16:46 cu-cs-vm kernel: [    0.000000]   Normal zone: 1310720 pages, LIFO batch:31
Sep 11 10:16:46 cu-cs-vm kernel: [    0.000000] ACPI: PM-Timer IO Port: 0x1008
Sep 11 10:16:46 cu-cs-vm kernel: [    0.000000] ACPI: Local APIC address 0xfee00000
Sep 11 10:16:46 cu-cs-vm kernel: [    0.000000] system APIC only can use physical flat
Sep 11 10:16:46 cu-cs-vm kernel: [    0.000000] ACPI: LAPIC_NMI (acpi_id[0x00] high edge lint[0x1])
Sep 11 10:16:46 cu-cs-vm kernel: [    0.000000] ACPI: LAPIC_NMI (acpi_id[0x01] high edge lint[0x1])
Sep 11 10:16:46 cu-cs-vm kernel: [    0.000000] ACPI: LAPIC_NMI (acpi_id[0x02] high edge lint[0x1])
Sep 11 10:16:46 cu-cs-vm kernel: [    0.000000] ACPI: LAPIC_NMI (acpi_id[0x03] high edge lint[0x1])
Sep 11 10:16:46 cu-cs-vm kernel: [    0.000000] ACPI: LAPIC_NMI (acpi_id[0x04] high edge lint[0x1])
Sep 11 10:16:46 cu-cs-vm kernel: [    0.000000] ACPI: LAPIC_NMI (acpi_id[0x05] high edge lint[0x1])
Sep 11 10:16:46 cu-cs-vm kernel: [    0.000000] ACPI: LAPIC_NMI (acpi_id[0x06] high edge lint[0x1])
Sep 11 10:16:46 cu-cs-vm kernel: [    0.000000] ACPI: LAPIC_NMI (acpi_id[0x07] high edge lint[0x1])
Sep 11 10:16:46 cu-cs-vm kernel: [    0.000000] ACPI: LAPIC_NMI (acpi_id[0x08] high edge lint[0x1])
Sep 11 10:16:46 cu-cs-vm kernel: [    0.000000] ACPI: LAPIC_NMI (acpi_id[0x09] high edge lint[0x1])
Sep 11 10:16:46 cu-cs-vm kernel: [    0.000000] ACPI: LAPIC_NMI (acpi_id[0x0a] high edge lint[0x1])
Sep 11 10:16:46 cu-cs-vm kernel: [    0.000000] ACPI: LAPIC_NMI (acpi_id[0x0b] high edge lint[0x1])
Sep 11 10:16:46 cu-cs-vm kernel: [    0.000000] ACPI: LAPIC_NMI (acpi_id[0x0c] high edge lint[0x1])
Sep 11 10:16:46 cu-cs-vm kernel: [    0.000000] ACPI: LAPIC_NMI (acpi_id[0x0d] high edge lint[0x1])
Sep 11 10:16:46 cu-cs-vm kernel: [    0.000000] ACPI: LAPIC_NMI (acpi_id[0x0e] high edge lint[0x1])
Sep 11 10:16:46 cu-cs-vm kernel: [    0.000000] ACPI: LAPIC_NMI (acpi_id[0x0f] high edge lint[0x1])
Sep 11 10:16:46 cu-cs-vm kernel: [    0.000000] ACPI: LAPIC_NMI (acpi_id[0x10] high edge lint[0x1])
Sep 11 10:16:46 cu-cs-vm kernel: [    0.000000] ACPI: LAPIC_NMI (acpi_id[0x11] high edge lint[0x1])
Sep 11 10:16:46 cu-cs-vm kernel: [    0.000000] ACPI: LAPIC_NMI (acpi_id[0x12] high edge lint[0x1])
Sep 11 10:16:46 cu-cs-vm kernel: [    0.000000] ACPI: LAPIC_NMI (acpi_id[0x13] high edge lint[0x1])
Sep 11 10:16:46 cu-cs-vm kernel: [    0.000000] ACPI: LAPIC_NMI (acpi_id[0x14] high edge lint[0x1])
Sep 11 10:16:46 cu-cs-vm kernel: [    0.000000] ACPI: LAPIC_NMI (acpi_id[0x15] high edge lint[0x1])
Sep 11 10:16:46 cu-cs-vm kernel: [    0.000000] ACPI: LAPIC_NMI (acpi_id[0x16] high edge lint[0x1])
Sep 11 10:16:46 cu-cs-vm kernel: [    0.000000] ACPI: LAPIC_NMI (acpi_id[0x17] high edge lint[0x1])
Sep 11 10:16:46 cu-cs-vm kernel: [    0.000000] ACPI: LAPIC_NMI (acpi_id[0x18] high edge lint[0x1])
Sep 11 10:16:46 cu-cs-vm kernel: [    0.000000] ACPI: LAPIC_NMI (acpi_id[0x19] high edge lint[0x1])
Sep 11 10:16:46 cu-cs-vm kernel: [    0.000000] ACPI: LAPIC_NMI (acpi_id[0x1a] high edge lint[0x1])
Sep 11 10:16:46 cu-cs-vm kernel: [    0.000000] ACPI: LAPIC_NMI (acpi_id[0x1b] high edge lint[0x1])
Sep 11 10:16:46 cu-cs-vm kernel: [    0.000000] ACPI: LAPIC_NMI (acpi_id[0x1c] high edge lint[0x1])
Sep 11 10:16:46 cu-cs-vm kernel: [    0.000000] ACPI: LAPIC_NMI (acpi_id[0x1d] high edge lint[0x1])
Sep 11 10:16:46 cu-cs-vm kernel: [    0.000000] ACPI: LAPIC_NMI (acpi_id[0x1e] high edge lint[0x1])
Sep 11 10:16:46 cu-cs-vm kernel: [    0.000000] ACPI: LAPIC_NMI (acpi_id[0x1f] high edge lint[0x1])
Sep 11 10:16:46 cu-cs-vm kernel: [    0.000000] ACPI: LAPIC_NMI (acpi_id[0x20] high edge lint[0x1])
Sep 11 10:16:46 cu-cs-vm kernel: [    0.000000] ACPI: LAPIC_NMI (acpi_id[0x21] high edge lint[0x1])
Sep 11 10:16:46 cu-cs-vm kernel: [    0.000000] ACPI: LAPIC_NMI (acpi_id[0x22] high edge lint[0x1])
Sep 11 10:16:46 cu-cs-vm kernel: [    0.000000] ACPI: LAPIC_NMI (acpi_id[0x23] high edge lint[0x1])
Sep 11 10:16:46 cu-cs-vm kernel: [    0.000000] ACPI: LAPIC_NMI (acpi_id[0x24] high edge lint[0x1])
Sep 11 10:16:46 cu-cs-vm kernel: [    0.000000] ACPI: LAPIC_NMI (acpi_id[0x25] high edge lint[0x1])
Sep 11 10:16:46 cu-cs-vm kernel: [    0.000000] ACPI: LAPIC_NMI (acpi_id[0x26] high edge lint[0x1])
Sep 11 10:16:46 cu-cs-vm kernel: [    0.000000] ACPI: LAPIC_NMI (acpi_id[0x27] high edge lint[0x1])
Sep 11 10:16:46 cu-cs-vm kernel: [    0.000000] ACPI: LAPIC_NMI (acpi_id[0x28] high edge lint[0x1])
Sep 11 10:16:46 cu-cs-vm kernel: [    0.000000] ACPI: LAPIC_NMI (acpi_id[0x29] high edge lint[0x1])
Sep 11 10:16:46 cu-cs-vm kernel: [    0.000000] ACPI: LAPIC_NMI (acpi_id[0x2a] high edge lint[0x1])
Sep 11 10:16:46 cu-cs-vm kernel: [    0.000000] ACPI: LAPIC_NMI (acpi_id[0x2b] high edge lint[0x1])
Sep 11 10:16:46 cu-cs-vm kernel: [    0.000000] ACPI: LAPIC_NMI (acpi_id[0x2c] high edge lint[0x1])
Sep 11 10:16:46 cu-cs-vm kernel: [    0.000000] ACPI: LAPIC_NMI (acpi_id[0x2d] high edge lint[0x1])
Sep 11 10:16:46 cu-cs-vm kernel: [    0.000000] ACPI: LAPIC_NMI (acpi_id[0x2e] high edge lint[0x1])
Sep 11 10:16:46 cu-cs-vm kernel: [    0.000000] ACPI: LAPIC_NMI (acpi_id[0x2f] high edge lint[0x1])
Sep 11 10:16:46 cu-cs-vm kernel: [    0.000000] ACPI: LAPIC_NMI (acpi_id[0x30] high edge lint[0x1])
Sep 11 10:16:46 cu-cs-vm kernel: [    0.000000] ACPI: LAPIC_NMI (acpi_id[0x31] high edge lint[0x1])
Sep 11 10:16:46 cu-cs-vm kernel: [    0.000000] ACPI: LAPIC_NMI (acpi_id[0x32] high edge lint[0x1])
Sep 11 10:16:46 cu-cs-vm systemd[1]: Starting Initialize hardware monitoring sensors...
Sep 11 10:16:46 cu-cs-vm kernel: [    0.000000] ACPI: LAPIC_NMI (acpi_id[0x33] high edge lint[0x1])
Sep 11 10:16:46 cu-cs-vm kernel: [    0.000000] ACPI: LAPIC_NMI (acpi_id[0x34] high edge lint[0x1])
Sep 11 10:16:46 cu-cs-vm kernel: [    0.000000] ACPI: LAPIC_NMI (acpi_id[0x35] high edge lint[0x1])
Sep 11 10:16:46 cu-cs-vm kernel: [    0.000000] ACPI: LAPIC_NMI (acpi_id[0x36] high edge lint[0x1])
Sep 11 10:16:46 cu-cs-vm kernel: [    0.000000] ACPI: LAPIC_NMI (acpi_id[0x37] high edge lint[0x1])
Sep 11 10:16:46 cu-cs-vm kernel: [    0.000000] ACPI: LAPIC_NMI (acpi_id[0x38] high edge lint[0x1])
Sep 11 10:16:46 cu-cs-vm kernel: [    0.000000] ACPI: LAPIC_NMI (acpi_id[0x39] high edge lint[0x1])
Sep 11 10:16:46 cu-cs-vm kernel: [    0.000000] ACPI: LAPIC_NMI (acpi_id[0x3a] high edge lint[0x1])
Sep 11 10:16:46 cu-cs-vm kernel: [    0.000000] ACPI: LAPIC_NMI (acpi_id[0x3b] high edge lint[0x1])
Sep 11 10:16:46 cu-cs-vm kernel: [    0.000000] ACPI: LAPIC_NMI (acpi_id[0x3c] high edge lint[0x1])
Sep 11 10:16:46 cu-cs-vm kernel: [    0.000000] ACPI: LAPIC_NMI (acpi_id[0x3d] high edge lint[0x1])
Sep 11 10:16:46 cu-cs-vm kernel: [    0.000000] ACPI: LAPIC_NMI (acpi_id[0x3e] high edge lint[0x1])
Sep 11 10:16:46 cu-cs-vm kernel: [    0.000000] ACPI: LAPIC_NMI (acpi_id[0x3f] high edge lint[0x1])
Sep 11 10:16:46 cu-cs-vm kernel: [    0.000000] ACPI: LAPIC_NMI (acpi_id[0x40] high edge lint[0x1])
Sep 11 10:16:46 cu-cs-vm kernel: [    0.000000] ACPI: LAPIC_NMI (acpi_id[0x41] high edge lint[0x1])
Sep 11 10:16:46 cu-cs-vm kernel: [    0.000000] ACPI: LAPIC_NMI (acpi_id[0x42] high edge lint[0x1])
Sep 11 10:16:46 cu-cs-vm kernel: [    0.000000] ACPI: LAPIC_NMI (acpi_id[0x43] high edge lint[0x1])
Sep 11 10:16:46 cu-cs-vm kernel: [    0.000000] ACPI: LAPIC_NMI (acpi_id[0x44] high edge lint[0x1])
Sep 11 10:16:46 cu-cs-vm kernel: [    0.000000] ACPI: LAPIC_NMI (acpi_id[0x45] high edge lint[0x1])
Sep 11 10:16:46 cu-cs-vm kernel: [    0.000000] ACPI: LAPIC_NMI (acpi_id[0x46] high edge lint[0x1])
Sep 11 10:16:46 cu-cs-vm kernel: [    0.000000] ACPI: LAPIC_NMI (acpi_id[0x47] high edge lint[0x1])
Sep 11 10:16:46 cu-cs-vm kernel: [    0.000000] ACPI: LAPIC_NMI (acpi_id[0x48] high edge lint[0x1])
Sep 11 10:16:46 cu-cs-vm kernel: [    0.000000] ACPI: LAPIC_NMI (acpi_id[0x49] high edge lint[0x1])
Sep 11 10:16:46 cu-cs-vm kernel: [    0.000000] ACPI: LAPIC_NMI (acpi_id[0x4a] high edge lint[0x1])
Sep 11 10:16:46 cu-cs-vm kernel: [    0.000000] ACPI: LAPIC_NMI (acpi_id[0x4b] high edge lint[0x1])
Sep 11 10:16:46 cu-cs-vm kernel: [    0.000000] ACPI: LAPIC_NMI (acpi_id[0x4c] high edge lint[0x1])
Sep 11 10:16:46 cu-cs-vm kernel: [    0.000000] ACPI: LAPIC_NMI (acpi_id[0x4d] high edge lint[0x1])
Sep 11 10:16:46 cu-cs-vm kernel: [    0.000000] ACPI: LAPIC_NMI (acpi_id[0x4e] high edge lint[0x1])
Sep 11 10:16:46 cu-cs-vm kernel: [    0.000000] ACPI: LAPIC_NMI (acpi_id[0x4f] high edge lint[0x1])
Sep 11 10:16:46 cu-cs-vm kernel: [    0.000000] ACPI: LAPIC_NMI (acpi_id[0x50] high edge lint[0x1])
Sep 11 10:16:46 cu-cs-vm kernel: [    0.000000] ACPI: LAPIC_NMI (acpi_id[0x51] high edge lint[0x1])
Sep 11 10:16:46 cu-cs-vm kernel: [    0.000000] ACPI: LAPIC_NMI (acpi_id[0x52] high edge lint[0x1])
Sep 11 10:16:46 cu-cs-vm kernel: [    0.000000] ACPI: LAPIC_NMI (acpi_id[0x53] high edge lint[0x1])
Sep 11 10:16:46 cu-cs-vm kernel: [    0.000000] ACPI: LAPIC_NMI (acpi_id[0x54] high edge lint[0x1])
Sep 11 10:16:46 cu-cs-vm kernel: [    0.000000] ACPI: LAPIC_NMI (acpi_id[0x55] high edge lint[0x1])
Sep 11 10:16:46 cu-cs-vm kernel: [    0.000000] ACPI: LAPIC_NMI (acpi_id[0x56] high edge lint[0x1])
Sep 11 10:16:46 cu-cs-vm kernel: [    0.000000] ACPI: LAPIC_NMI (acpi_id[0x57] high edge lint[0x1])
Sep 11 10:16:46 cu-cs-vm kernel: [    0.000000] ACPI: LAPIC_NMI (acpi_id[0x58] high edge lint[0x1])
Sep 11 10:16:46 cu-cs-vm kernel: [    0.000000] ACPI: LAPIC_NMI (acpi_id[0x59] high edge lint[0x1])
Sep 11 10:16:46 cu-cs-vm kernel: [    0.000000] ACPI: LAPIC_NMI (acpi_id[0x5a] high edge lint[0x1])
Sep 11 10:16:46 cu-cs-vm kernel: [    0.000000] ACPI: LAPIC_NMI (acpi_id[0x5b] high edge lint[0x1])
Sep 11 10:16:46 cu-cs-vm kernel: [    0.000000] ACPI: LAPIC_NMI (acpi_id[0x5c] high edge lint[0x1])
Sep 11 10:16:46 cu-cs-vm kernel: [    0.000000] ACPI: LAPIC_NMI (acpi_id[0x5d] high edge lint[0x1])
Sep 11 10:16:46 cu-cs-vm kernel: [    0.000000] ACPI: LAPIC_NMI (acpi_id[0x5e] high edge lint[0x1])
Sep 11 10:16:46 cu-cs-vm kernel: [    0.000000] ACPI: LAPIC_NMI (acpi_id[0x5f] high edge lint[0x1])
Sep 11 10:16:46 cu-cs-vm kernel: [    0.000000] ACPI: LAPIC_NMI (acpi_id[0x60] high edge lint[0x1])
Sep 11 10:16:46 cu-cs-vm kernel: [    0.000000] ACPI: LAPIC_NMI (acpi_id[0x61] high edge lint[0x1])
Sep 11 10:16:46 cu-cs-vm kernel: [    0.000000] ACPI: LAPIC_NMI (acpi_id[0x62] high edge lint[0x1])
Sep 11 10:16:46 cu-cs-vm kernel: [    0.000000] ACPI: LAPIC_NMI (acpi_id[0x63] high edge lint[0x1])
Sep 11 10:16:46 cu-cs-vm kernel: [    0.000000] ACPI: LAPIC_NMI (acpi_id[0x64] high edge lint[0x1])
Sep 11 10:16:46 cu-cs-vm kernel: [    0.000000] ACPI: LAPIC_NMI (acpi_id[0x65] high edge lint[0x1])
Sep 11 10:16:46 cu-cs-vm kernel: [    0.000000] ACPI: LAPIC_NMI (acpi_id[0x66] high edge lint[0x1])
Sep 11 10:16:46 cu-cs-vm kernel: [    0.000000] ACPI: LAPIC_NMI (acpi_id[0x67] high edge lint[0x1])
Sep 11 10:16:46 cu-cs-vm kernel: [    0.000000] ACPI: LAPIC_NMI (acpi_id[0x68] high edge lint[0x1])
Sep 11 10:16:46 cu-cs-vm kernel: [    0.000000] ACPI: LAPIC_NMI (acpi_id[0x69] high edge lint[0x1])
Sep 11 10:16:46 cu-cs-vm kernel: [    0.000000] ACPI: LAPIC_NMI (acpi_id[0x6a] high edge lint[0x1])
Sep 11 10:16:46 cu-cs-vm kernel: [    0.000000] ACPI: LAPIC_NMI (acpi_id[0x6b] high edge lint[0x1])
Sep 11 10:16:46 cu-cs-vm kernel: [    0.000000] ACPI: LAPIC_NMI (acpi_id[0x6c] high edge lint[0x1])
Sep 11 10:16:46 cu-cs-vm kernel: [    0.000000] ACPI: LAPIC_NMI (acpi_id[0x6d] high edge lint[0x1])
Sep 11 10:16:46 cu-cs-vm kernel: [    0.000000] ACPI: LAPIC_NMI (acpi_id[0x6e] high edge lint[0x1])
Sep 11 10:16:46 cu-cs-vm kernel: [    0.000000] ACPI: LAPIC_NMI (acpi_id[0x6f] high edge lint[0x1])
Sep 11 10:16:46 cu-cs-vm kernel: [    0.000000] ACPI: LAPIC_NMI (acpi_id[0x70] high edge lint[0x1])
Sep 11 10:16:46 cu-cs-vm kernel: [    0.000000] ACPI: LAPIC_NMI (acpi_id[0x71] high edge lint[0x1])
Sep 11 10:16:46 cu-cs-vm kernel: [    0.000000] ACPI: LAPIC_NMI (acpi_id[0x72] high edge lint[0x1])
Sep 11 10:16:46 cu-cs-vm kernel: [    0.000000] ACPI: LAPIC_NMI (acpi_id[0x73] high edge lint[0x1])
Sep 11 10:16:46 cu-cs-vm kernel: [    0.000000] ACPI: LAPIC_NMI (acpi_id[0x74] high edge lint[0x1])
Sep 11 10:16:46 cu-cs-vm kernel: [    0.000000] ACPI: LAPIC_NMI (acpi_id[0x75] high edge lint[0x1])
Sep 11 10:16:46 cu-cs-vm kernel: [    0.000000] ACPI: LAPIC_NMI (acpi_id[0x76] high edge lint[0x1])
Sep 11 10:16:46 cu-cs-vm kernel: [    0.000000] ACPI: LAPIC_NMI (acpi_id[0x77] high edge lint[0x1])
Sep 11 10:16:46 cu-cs-vm kernel: [    0.000000] ACPI: LAPIC_NMI (acpi_id[0x78] high edge lint[0x1])
Sep 11 10:16:46 cu-cs-vm kernel: [    0.000000] ACPI: LAPIC_NMI (acpi_id[0x79] high edge lint[0x1])
Sep 11 10:16:46 cu-cs-vm kernel: [    0.000000] ACPI: LAPIC_NMI (acpi_id[0x7a] high edge lint[0x1])
Sep 11 10:16:46 cu-cs-vm kernel: [    0.000000] ACPI: LAPIC_NMI (acpi_id[0x7b] high edge lint[0x1])
Sep 11 10:16:46 cu-cs-vm kernel: [    0.000000] ACPI: LAPIC_NMI (acpi_id[0x7c] high edge lint[0x1])
Sep 11 10:16:46 cu-cs-vm kernel: [    0.000000] ACPI: LAPIC_NMI (acpi_id[0x7d] high edge lint[0x1])
Sep 11 10:16:46 cu-cs-vm kernel: [    0.000000] ACPI: LAPIC_NMI (acpi_id[0x7e] high edge lint[0x1])
Sep 11 10:16:46 cu-cs-vm kernel: [    0.000000] ACPI: LAPIC_NMI (acpi_id[0x7f] high edge lint[0x1])
Sep 11 10:16:46 cu-cs-vm kernel: [    0.000000] IOAPIC[0]: apic_id 1, version 17, address 0xfec00000, GSI 0-23
Sep 11 10:16:46 cu-cs-vm kernel: [    0.000000] ACPI: INT_SRC_OVR (bus 0 bus_irq 0 global_irq 2 high edge)
Sep 11 10:16:46 cu-cs-vm kernel: [    0.000000] ACPI: IRQ0 used by override.
Sep 11 10:16:46 cu-cs-vm kernel: [    0.000000] ACPI: IRQ9 used by override.
Sep 11 10:16:46 cu-cs-vm kernel: [    0.000000] Using ACPI (MADT) for SMP configuration information
Sep 11 10:16:46 cu-cs-vm kernel: [    0.000000] smpboot: Allowing 128 CPUs, 124 hotplug CPUs
Sep 11 10:16:46 cu-cs-vm kernel: [    0.000000] PM: Registered nosave memory: [mem 0x00000000-0x00000fff]
Sep 11 10:16:46 cu-cs-vm kernel: [    0.000000] PM: Registered nosave memory: [mem 0x0009e000-0x0009efff]
Sep 11 10:16:46 cu-cs-vm kernel: [    0.000000] PM: Registered nosave memory: [mem 0x0009f000-0x0009ffff]
Sep 11 10:16:46 cu-cs-vm kernel: [    0.000000] PM: Registered nosave memory: [mem 0x000a0000-0x000dbfff]
Sep 11 10:16:46 cu-cs-vm kernel: [    0.000000] PM: Registered nosave memory: [mem 0x000dc000-0x000fffff]
Sep 11 10:16:46 cu-cs-vm kernel: [    0.000000] PM: Registered nosave memory: [mem 0xbfed0000-0xbfefefff]
Sep 11 10:16:46 cu-cs-vm kernel: [    0.000000] PM: Registered nosave memory: [mem 0xbfeff000-0xbfefffff]
Sep 11 10:16:46 cu-cs-vm kernel: [    0.000000] PM: Registered nosave memory: [mem 0xc0000000-0xefffffff]
Sep 11 10:16:46 cu-cs-vm kernel: [    0.000000] PM: Registered nosave memory: [mem 0xf0000000-0xf7ffffff]
Sep 11 10:16:46 cu-cs-vm kernel: [    0.000000] PM: Registered nosave memory: [mem 0xf8000000-0xfebfffff]
Sep 11 10:16:46 cu-cs-vm kernel: [    0.000000] PM: Registered nosave memory: [mem 0xfec00000-0xfec0ffff]
Sep 11 10:16:46 cu-cs-vm kernel: [    0.000000] PM: Registered nosave memory: [mem 0xfec10000-0xfedfffff]
Sep 11 10:16:46 cu-cs-vm kernel: [    0.000000] PM: Registered nosave memory: [mem 0xfee00000-0xfee00fff]
Sep 11 10:16:46 cu-cs-vm kernel: [    0.000000] PM: Registered nosave memory: [mem 0xfee01000-0xfffdffff]
Sep 11 10:16:46 cu-cs-vm kernel: [    0.000000] PM: Registered nosave memory: [mem 0xfffe0000-0xffffffff]
Sep 11 10:16:46 cu-cs-vm kernel: [    0.000000] e820: [mem 0xc0000000-0xefffffff] available for PCI devices
Sep 11 10:16:46 cu-cs-vm kernel: [    0.000000] Booting paravirtualized kernel on VMware hypervisor
Sep 11 10:16:46 cu-cs-vm kernel: [    0.000000] clocksource: refined-jiffies: mask: 0xffffffff max_cycles: 0xffffffff, max_idle_ns: 7645519600211568 ns
Sep 11 10:16:46 cu-cs-vm kernel: [    0.000000] random: get_random_bytes called from start_kernel+0x99/0x51d with crng_init=0
Sep 11 10:16:46 cu-cs-vm kernel: [    0.000000] setup_percpu: NR_CPUS:8192 nr_cpumask_bits:128 nr_cpu_ids:128 nr_node_ids:1
Sep 11 10:16:46 cu-cs-vm kernel: [    0.000000] percpu: Embedded 46 pages/cpu s151552 r8192 d28672 u262144
Sep 11 10:16:46 cu-cs-vm kernel: [    0.000000] pcpu-alloc: s151552 r8192 d28672 u262144 alloc=1*2097152
Sep 11 10:16:46 cu-cs-vm kernel: [    0.000000] pcpu-alloc: [0] 000 001 002 003 004 005 006 007 
Sep 11 10:16:46 cu-cs-vm kernel: [    0.000000] pcpu-alloc: [0] 008 009 010 011 012 013 014 015 
Sep 11 10:16:46 cu-cs-vm kernel: [    0.000000] pcpu-alloc: [0] 016 017 018 019 020 021 022 023 
Sep 11 10:16:46 cu-cs-vm kernel: [    0.000000] pcpu-alloc: [0] 024 025 026 027 028 029 030 031 
Sep 11 10:16:46 cu-cs-vm kernel: [    0.000000] pcpu-alloc: [0] 032 033 034 035 036 037 038 039 
Sep 11 10:16:46 cu-cs-vm kernel: [    0.000000] pcpu-alloc: [0] 040 041 042 043 044 045 046 047 
Sep 11 10:16:46 cu-cs-vm kernel: [    0.000000] pcpu-alloc: [0] 048 049 050 051 052 053 054 055 
Sep 11 10:16:46 cu-cs-vm kernel: [    0.000000] pcpu-alloc: [0] 056 057 058 059 060 061 062 063 
Sep 11 10:16:46 cu-cs-vm kernel: [    0.000000] pcpu-alloc: [0] 064 065 066 067 068 069 070 071 
Sep 11 10:16:46 cu-cs-vm kernel: [    0.000000] pcpu-alloc: [0] 072 073 074 075 076 077 078 079 
Sep 11 10:16:46 cu-cs-vm kernel: [    0.000000] pcpu-alloc: [0] 080 081 082 083 084 085 086 087 
Sep 11 10:16:46 cu-cs-vm kernel: [    0.000000] pcpu-alloc: [0] 088 089 090 091 092 093 094 095 
Sep 11 10:16:46 cu-cs-vm kernel: [    0.000000] pcpu-alloc: [0] 096 097 098 099 100 101 102 103 
Sep 11 10:16:46 cu-cs-vm kernel: [    0.000000] pcpu-alloc: [0] 104 105 106 107 108 109 110 111 
Sep 11 10:16:46 cu-cs-vm kernel: [    0.000000] pcpu-alloc: [0] 112 113 114 115 116 117 118 119 
Sep 11 10:16:46 cu-cs-vm kernel: [    0.000000] pcpu-alloc: [0] 120 121 122 123 124 125 126 127 
Sep 11 10:16:46 cu-cs-vm kernel: [    0.000000] Built 1 zonelists, mobility grouping on.  Total pages: 2064216
Sep 11 10:16:46 cu-cs-vm kernel: [    0.000000] Policy zone: Normal
Sep 11 10:16:46 cu-cs-vm kernel: [    0.000000] Kernel command line: BOOT_IMAGE=/boot/vmlinuz-4.15.18steven root=UUID=a7adc8c1-e02a-478b-93ad-c06e060e0176 ro
Sep 11 10:16:46 cu-cs-vm kernel: [    0.000000] log_buf_len individual max cpu contribution: 4096 bytes
Sep 11 10:16:46 cu-cs-vm kernel: [    0.000000] log_buf_len total cpu_extra contributions: 520192 bytes
Sep 11 10:16:46 cu-cs-vm kernel: [    0.000000] log_buf_len min size: 262144 bytes
Sep 11 10:16:46 cu-cs-vm kernel: [    0.000000] log_buf_len: 1048576 bytes
Sep 11 10:16:46 cu-cs-vm kernel: [    0.000000] early log buf free: 224532(85%)
Sep 11 10:16:46 cu-cs-vm kernel: [    0.000000] Calgary: detecting Calgary via BIOS EBDA area
Sep 11 10:16:46 cu-cs-vm kernel: [    0.000000] Calgary: Unable to locate Rio Grande table in EBDA - bailing!
Sep 11 10:16:46 cu-cs-vm kernel: [    0.000000] Memory: 7695480K/8388020K available (12300K kernel code, 2480K rwdata, 4108K rodata, 2428K init, 2384K bss, 692540K reserved, 0K cma-reserved)
Sep 11 10:16:46 cu-cs-vm kernel: [    0.000000] SLUB: HWalign=64, Order=0-3, MinObjects=0, CPUs=128, Nodes=1
Sep 11 10:16:46 cu-cs-vm kernel: [    0.000000] Kernel/User page tables isolation: enabled
Sep 11 10:16:46 cu-cs-vm kernel: [    0.000000] ftrace: allocating 39172 entries in 154 pages
Sep 11 10:16:46 cu-cs-vm kernel: [    0.004000] Hierarchical RCU implementation.
Sep 11 10:16:46 cu-cs-vm kernel: [    0.004000] 	RCU restricting CPUs from NR_CPUS=8192 to nr_cpu_ids=128.
Sep 11 10:16:46 cu-cs-vm kernel: [    0.004000] 	Tasks RCU enabled.
Sep 11 10:16:46 cu-cs-vm kernel: [    0.004000] RCU: Adjusting geometry for rcu_fanout_leaf=16, nr_cpu_ids=128
Sep 11 10:16:46 cu-cs-vm kernel: [    0.004000] NR_IRQS: 524544, nr_irqs: 1448, preallocated irqs: 16
Sep 11 10:16:46 cu-cs-vm kernel: [    0.004000] Console: colour VGA+ 80x25
Sep 11 10:16:46 cu-cs-vm kernel: [    0.004000] console [tty0] enabled
Sep 11 10:16:46 cu-cs-vm kernel: [    0.004000] ACPI: Core revision 20170831
Sep 11 10:16:46 cu-cs-vm kernel: [    0.004000] ACPI: 1 ACPI AML tables successfully acquired and loaded
Sep 11 10:16:46 cu-cs-vm kernel: [    0.004013] APIC: Switch to symmetric I/O mode setup
Sep 11 10:16:46 cu-cs-vm kernel: [    0.004428] x2apic enabled
Sep 11 10:16:46 cu-cs-vm kernel: [    0.005105] Switched APIC routing to physical x2apic.
Sep 11 10:16:46 cu-cs-vm kernel: [    0.007892] ..TIMER: vector=0x30 apic1=0 pin1=2 apic2=-1 pin2=-1
Sep 11 10:16:46 cu-cs-vm kernel: [    0.008000] tsc: Detected 2592.002 MHz processor
Sep 11 10:16:46 cu-cs-vm kernel: [    0.008000] Calibrating delay loop (skipped) preset value.. 5184.00 BogoMIPS (lpj=10368008)
Sep 11 10:16:46 cu-cs-vm kernel: [    0.008000] pid_max: default: 131072 minimum: 1024
Sep 11 10:16:46 cu-cs-vm kernel: [    0.008000] Security Framework initialized
Sep 11 10:16:46 cu-cs-vm kernel: [    0.008000] Yama: becoming mindful.
Sep 11 10:16:46 cu-cs-vm kernel: [    0.013545] AppArmor: AppArmor initialized
Sep 11 10:16:46 cu-cs-vm kernel: [    0.066411] Dentry cache hash table entries: 1048576 (order: 11, 8388608 bytes)
Sep 11 10:16:46 cu-cs-vm kernel: [    0.095490] Inode-cache hash table entries: 524288 (order: 10, 4194304 bytes)
Sep 11 10:16:46 cu-cs-vm kernel: [    0.096829] Mount-cache hash table entries: 16384 (order: 5, 131072 bytes)
Sep 11 10:16:46 cu-cs-vm kernel: [    0.098102] Mountpoint-cache hash table entries: 16384 (order: 5, 131072 bytes)
Sep 11 10:16:46 cu-cs-vm kernel: [    0.099669] Disabled fast string operations
Sep 11 10:16:46 cu-cs-vm kernel: [    0.099904] Last level iTLB entries: 4KB 64, 2MB 8, 4MB 8
Sep 11 10:16:46 cu-cs-vm kernel: [    0.100005] Last level dTLB entries: 4KB 64, 2MB 0, 4MB 0, 1GB 4
Sep 11 10:16:46 cu-cs-vm kernel: [    0.100459] Spectre V1 : Mitigation: usercopy/swapgs barriers and __user pointer sanitization
Sep 11 10:16:46 cu-cs-vm kernel: [    0.100872] Spectre V2 : Mitigation: Full generic retpoline
Sep 11 10:16:46 cu-cs-vm kernel: [    0.101147] Spectre V2 : Spectre v2 / SpectreRSB mitigation: Filling RSB on context switch
Sep 11 10:16:46 cu-cs-vm kernel: [    0.101511] Spectre V2 : Enabling Restricted Speculation for firmware calls
Sep 11 10:16:46 cu-cs-vm kernel: [    0.102396] Spectre V2 : mitigation: Enabling conditional Indirect Branch Prediction Barrier
Sep 11 10:16:46 cu-cs-vm kernel: [    0.102773] Speculative Store Bypass: Mitigation: Speculative Store Bypass disabled via prctl and seccomp
Sep 11 10:16:46 cu-cs-vm kernel: [    0.103249] MDS: Vulnerable: Clear CPU buffers attempted, no microcode
Sep 11 10:16:46 cu-cs-vm kernel: [    0.113336] Freeing SMP alternatives memory: 36K
Sep 11 10:16:46 cu-cs-vm kernel: [    0.128786] TSC deadline timer enabled
Sep 11 10:16:46 cu-cs-vm kernel: [    0.128806] smpboot: CPU0: Intel(R) Core(TM) i7-6500U CPU @ 2.50GHz (family: 0x6, model: 0x4e, stepping: 0x3)
Sep 11 10:16:46 cu-cs-vm kernel: [    0.130101] Performance Events: Skylake events, core PMU driver.
Sep 11 10:16:46 cu-cs-vm kernel: [    0.130387] core: CPUID marked event: 'cpu cycles' unavailable
Sep 11 10:16:46 cu-cs-vm kernel: [    0.130673] core: CPUID marked event: 'instructions' unavailable
Sep 11 10:16:46 cu-cs-vm kernel: [    0.130925] core: CPUID marked event: 'bus cycles' unavailable
Sep 11 10:16:46 cu-cs-vm kernel: [    0.131187] core: CPUID marked event: 'cache references' unavailable
Sep 11 10:16:46 cu-cs-vm kernel: [    0.131454] core: CPUID marked event: 'cache misses' unavailable
Sep 11 10:16:46 cu-cs-vm kernel: [    0.131749] core: CPUID marked event: 'branch instructions' unavailable
Sep 11 10:16:46 cu-cs-vm kernel: [    0.132000] core: CPUID marked event: 'branch misses' unavailable
Sep 11 10:16:46 cu-cs-vm kernel: [    0.132000] ... version:                1
Sep 11 10:16:46 cu-cs-vm kernel: [    0.132000] ... bit width:              48
Sep 11 10:16:46 cu-cs-vm kernel: [    0.132017] ... generic registers:      4
Sep 11 10:16:46 cu-cs-vm kernel: [    0.132209] ... value mask:             0000ffffffffffff
Sep 11 10:16:46 cu-cs-vm kernel: [    0.132481] ... max period:             000000007fffffff
Sep 11 10:16:46 cu-cs-vm kernel: [    0.132748] ... fixed-purpose events:   0
Sep 11 10:16:46 cu-cs-vm kernel: [    0.132928] ... event mask:             000000000000000f
Sep 11 10:16:46 cu-cs-vm kernel: [    0.133618] Hierarchical SRCU implementation.
Sep 11 10:16:46 cu-cs-vm kernel: [    0.135720] NMI watchdog: Perf event create on CPU 0 failed with -2
Sep 11 10:16:46 cu-cs-vm kernel: [    0.136032] NMI watchdog: Perf NMI watchdog permanently disabled
Sep 11 10:16:46 cu-cs-vm kernel: [    0.162237] smp: Bringing up secondary CPUs ...
Sep 11 10:16:46 cu-cs-vm kernel: [    0.163832] x86: Booting SMP configuration:
Sep 11 10:16:46 cu-cs-vm kernel: [    0.164009] .... node  #0, CPUs:          #1
Sep 11 10:16:46 cu-cs-vm kernel: [    0.004000] Disabled fast string operations
Sep 11 10:16:46 cu-cs-vm kernel: [    0.004000] smpboot: CPU 1 Converting physical 2 to logical package 1
Sep 11 10:16:46 cu-cs-vm kernel: [    0.168382]    #2
Sep 11 10:16:46 cu-cs-vm kernel: [    0.004000] Disabled fast string operations
Sep 11 10:16:46 cu-cs-vm kernel: [    0.004000] smpboot: CPU 2 Converting physical 4 to logical package 2
Sep 11 10:16:46 cu-cs-vm kernel: [    0.172121]    #3
Sep 11 10:16:46 cu-cs-vm kernel: [    0.004000] Disabled fast string operations
Sep 11 10:16:46 cu-cs-vm kernel: [    0.004000] smpboot: CPU 3 Converting physical 6 to logical package 3
Sep 11 10:16:46 cu-cs-vm kernel: [    0.175771] smp: Brought up 1 node, 4 CPUs
Sep 11 10:16:46 cu-cs-vm kernel: [    0.175771] smpboot: Max logical packages: 128
Sep 11 10:16:46 cu-cs-vm kernel: [    0.175771] smpboot: Total of 4 processors activated (20736.01 BogoMIPS)
Sep 11 10:16:46 cu-cs-vm kernel: [    0.201399] devtmpfs: initialized
Sep 11 10:16:46 cu-cs-vm kernel: [    0.201399] x86/mm: Memory block size: 128MB
Sep 11 10:16:46 cu-cs-vm kernel: [    0.205314] evm: security.selinux
Sep 11 10:16:46 cu-cs-vm kernel: [    0.205358] evm: security.SMACK64
Sep 11 10:16:46 cu-cs-vm kernel: [    0.205397] evm: security.SMACK64EXEC
Sep 11 10:16:46 cu-cs-vm kernel: [    0.205449] evm: security.SMACK64TRANSMUTE
Sep 11 10:16:46 cu-cs-vm kernel: [    0.205499] evm: security.SMACK64MMAP
Sep 11 10:16:46 cu-cs-vm kernel: [    0.205539] evm: security.apparmor
Sep 11 10:16:46 cu-cs-vm kernel: [    0.205579] evm: security.ima
Sep 11 10:16:46 cu-cs-vm kernel: [    0.205615] evm: security.capability
Sep 11 10:16:46 cu-cs-vm kernel: [    0.205880] PM: Registering ACPI NVS region [mem 0xbfeff000-0xbfefffff] (4096 bytes)
Sep 11 10:16:46 cu-cs-vm kernel: [    0.205880] clocksource: jiffies: mask: 0xffffffff max_cycles: 0xffffffff, max_idle_ns: 7645041785100000 ns
Sep 11 10:16:46 cu-cs-vm kernel: [    0.205880] futex hash table entries: 32768 (order: 9, 2097152 bytes)
Sep 11 10:16:46 cu-cs-vm kernel: [    0.220936] pinctrl core: initialized pinctrl subsystem
Sep 11 10:16:46 cu-cs-vm kernel: [    0.221479] RTC time: 16:16:24, date: 09/11/19
Sep 11 10:16:46 cu-cs-vm kernel: [    0.224125] NET: Registered protocol family 16
Sep 11 10:16:46 cu-cs-vm kernel: [    0.224389] audit: initializing netlink subsys (disabled)
Sep 11 10:16:46 cu-cs-vm kernel: [    0.224906] audit: type=2000 audit(1568218584.224:1): state=initialized audit_enabled=0 res=1
Sep 11 10:16:46 cu-cs-vm kernel: [    0.224906] cpuidle: using governor ladder
Sep 11 10:16:46 cu-cs-vm kernel: [    0.224906] cpuidle: using governor menu
Sep 11 10:16:46 cu-cs-vm kernel: [    0.224906] Simple Boot Flag at 0x36 set to 0x80
Sep 11 10:16:46 cu-cs-vm kernel: [    0.224906] ACPI: bus type PCI registered
Sep 11 10:16:46 cu-cs-vm kernel: [    0.224906] acpiphp: ACPI Hot Plug PCI Controller Driver version: 0.5
Sep 11 10:16:46 cu-cs-vm kernel: [    0.225225] PCI: MMCONFIG for domain 0000 [bus 00-7f] at [mem 0xf0000000-0xf7ffffff] (base 0xf0000000)
Sep 11 10:16:46 cu-cs-vm kernel: [    0.225320] PCI: MMCONFIG at [mem 0xf0000000-0xf7ffffff] reserved in E820
Sep 11 10:16:46 cu-cs-vm kernel: [    0.225391] pmd_set_huge: Cannot satisfy [mem 0xf0000000-0xf0200000] with a huge-page mapping due to MTRR override.
Sep 11 10:16:46 cu-cs-vm kernel: [    0.229440] PCI: Using configuration type 1 for base access
Sep 11 10:16:46 cu-cs-vm kernel: [    0.237727] HugeTLB registered 1.00 GiB page size, pre-allocated 0 pages
Sep 11 10:16:46 cu-cs-vm kernel: [    0.237727] HugeTLB registered 2.00 MiB page size, pre-allocated 0 pages
Sep 11 10:16:46 cu-cs-vm kernel: [    0.240652] ACPI: Added _OSI(Module Device)
Sep 11 10:16:46 cu-cs-vm kernel: [    0.240652] ACPI: Added _OSI(Processor Device)
Sep 11 10:16:46 cu-cs-vm kernel: [    0.240652] ACPI: Added _OSI(3.0 _SCP Extensions)
Sep 11 10:16:46 cu-cs-vm kernel: [    0.240652] ACPI: Added _OSI(Processor Aggregator Device)
Sep 11 10:16:46 cu-cs-vm kernel: [    0.240652] ACPI: Added _OSI(Linux-Dell-Video)
Sep 11 10:16:46 cu-cs-vm kernel: [    0.240652] ACPI: Added _OSI(Linux-Lenovo-NV-HDMI-Audio)
Sep 11 10:16:46 cu-cs-vm kernel: [    0.240702] ACPI: Added _OSI(Linux-HPI-Hybrid-Graphics)
Sep 11 10:16:46 cu-cs-vm kernel: [    0.255561] ACPI: [Firmware Bug]: BIOS _OSI(Linux) query ignored
Sep 11 10:16:46 cu-cs-vm kernel: [    0.302642] ACPI: Interpreter enabled
Sep 11 10:16:46 cu-cs-vm kernel: [    0.302702] ACPI: (supports S0 S1 S4 S5)
Sep 11 10:16:46 cu-cs-vm kernel: [    0.302738] ACPI: Using IOAPIC for interrupt routing
Sep 11 10:16:46 cu-cs-vm kernel: [    0.302810] PCI: Using host bridge windows from ACPI; if necessary, use "pci=nocrs" and report a bug
Sep 11 10:16:46 cu-cs-vm kernel: [    0.304628] ACPI: Enabled 4 GPEs in block 00 to 0F
Sep 11 10:16:46 cu-cs-vm kernel: [    0.680206] ACPI: PCI Root Bridge [PCI0] (domain 0000 [bus 00-7f])
Sep 11 10:16:46 cu-cs-vm kernel: [    0.680268] acpi PNP0A03:00: _OSC: OS supports [ExtendedConfig ASPM ClockPM Segments MSI]
Sep 11 10:16:46 cu-cs-vm kernel: [    0.680571] acpi PNP0A03:00: _OSC: platform does not support [AER]
Sep 11 10:16:46 cu-cs-vm kernel: [    0.680851] acpi PNP0A03:00: _OSC: OS now controls [PCIeHotplug PME PCIeCapability]
Sep 11 10:16:46 cu-cs-vm kernel: [    0.683888] PCI host bridge to bus 0000:00
Sep 11 10:16:46 cu-cs-vm kernel: [    0.683936] pci_bus 0000:00: root bus resource [mem 0x000a0000-0x000bffff window]
Sep 11 10:16:46 cu-cs-vm kernel: [    0.684000] pci_bus 0000:00: root bus resource [mem 0x000cc000-0x000cffff window]
Sep 11 10:16:46 cu-cs-vm kernel: [    0.684000] pci_bus 0000:00: root bus resource [mem 0x000d0000-0x000d3fff window]
Sep 11 10:16:46 cu-cs-vm kernel: [    0.684000] pci_bus 0000:00: root bus resource [mem 0x000d4000-0x000d7fff window]
Sep 11 10:16:46 cu-cs-vm kernel: [    0.684000] pci_bus 0000:00: root bus resource [mem 0x000d8000-0x000dbfff window]
Sep 11 10:16:46 cu-cs-vm kernel: [    0.684000] pci_bus 0000:00: root bus resource [mem 0xc0000000-0xfebfffff window]
Sep 11 10:16:46 cu-cs-vm kernel: [    0.684000] pci_bus 0000:00: root bus resource [io  0x0000-0x0cf7 window]
Sep 11 10:16:46 cu-cs-vm kernel: [    0.684005] pci_bus 0000:00: root bus resource [io  0x0d00-0xfeff window]
Sep 11 10:16:46 cu-cs-vm kernel: [    0.684069] pci_bus 0000:00: root bus resource [bus 00-7f]
Sep 11 10:16:46 cu-cs-vm kernel: [    0.684191] pci 0000:00:00.0: [8086:7190] type 00 class 0x060000
Sep 11 10:16:46 cu-cs-vm kernel: [    0.685239] pci 0000:00:01.0: [8086:7191] type 01 class 0x060400
Sep 11 10:16:46 cu-cs-vm kernel: [    0.686138] pci 0000:00:07.0: [8086:7110] type 00 class 0x060100
Sep 11 10:16:46 cu-cs-vm kernel: [    0.687230] pci 0000:00:07.1: [8086:7111] type 00 class 0x01018a
Sep 11 10:16:46 cu-cs-vm kernel: [    0.689403] pci 0000:00:07.1: reg 0x20: [io  0x1060-0x106f]
Sep 11 10:16:46 cu-cs-vm kernel: [    0.690357] pci 0000:00:07.1: legacy IDE quirk: reg 0x10: [io  0x01f0-0x01f7]
Sep 11 10:16:46 cu-cs-vm kernel: [    0.690449] pci 0000:00:07.1: legacy IDE quirk: reg 0x14: [io  0x03f6]
Sep 11 10:16:46 cu-cs-vm kernel: [    0.690510] pci 0000:00:07.1: legacy IDE quirk: reg 0x18: [io  0x0170-0x0177]
Sep 11 10:16:46 cu-cs-vm kernel: [    0.690577] pci 0000:00:07.1: legacy IDE quirk: reg 0x1c: [io  0x0376]
Sep 11 10:16:46 cu-cs-vm kernel: [    0.691196] pci 0000:00:07.3: [8086:7113] type 00 class 0x068000
Sep 11 10:16:46 cu-cs-vm kernel: [    0.694426] pci 0000:00:07.3: quirk: [io  0x1000-0x103f] claimed by PIIX4 ACPI
Sep 11 10:16:46 cu-cs-vm kernel: [    0.694522] pci 0000:00:07.3: quirk: [io  0x1040-0x104f] claimed by PIIX4 SMB
Sep 11 10:16:46 cu-cs-vm kernel: [    0.695449] pci 0000:00:07.7: [15ad:0740] type 00 class 0x088000
Sep 11 10:16:46 cu-cs-vm kernel: [    0.696365] pci 0000:00:07.7: reg 0x10: [io  0x1080-0x10bf]
Sep 11 10:16:46 cu-cs-vm kernel: [    0.697097] pci 0000:00:07.7: reg 0x14: [mem 0xfebfe000-0xfebfffff 64bit]
Sep 11 10:16:46 cu-cs-vm kernel: [    0.700470] pci 0000:00:0f.0: [15ad:0405] type 00 class 0x030000
Sep 11 10:16:46 cu-cs-vm kernel: [    0.703201] pci 0000:00:0f.0: reg 0x10: [io  0x1070-0x107f]
Sep 11 10:16:46 cu-cs-vm kernel: [    0.708014] pci 0000:00:0f.0: reg 0x14: [mem 0xe8000000-0xefffffff pref]
Sep 11 10:16:46 cu-cs-vm kernel: [    0.709871] pci 0000:00:0f.0: reg 0x18: [mem 0xfe000000-0xfe7fffff]
Sep 11 10:16:46 cu-cs-vm kernel: [    0.716007] pci 0000:00:0f.0: reg 0x30: [mem 0x00000000-0x00007fff pref]
Sep 11 10:16:46 cu-cs-vm kernel: [    0.716707] pci 0000:00:10.0: [1000:0030] type 00 class 0x010000
Sep 11 10:16:46 cu-cs-vm kernel: [    0.717845] pci 0000:00:10.0: reg 0x10: [io  0x1400-0x14ff]
Sep 11 10:16:46 cu-cs-vm kernel: [    0.718930] pci 0000:00:10.0: reg 0x14: [mem 0xfeba0000-0xfebbffff 64bit]
Sep 11 10:16:46 cu-cs-vm kernel: [    0.720017] pci 0000:00:10.0: reg 0x1c: [mem 0xfebc0000-0xfebdffff 64bit]
Sep 11 10:16:46 cu-cs-vm kernel: [    0.725075] pci 0000:00:10.0: reg 0x30: [mem 0x00000000-0x00003fff pref]
Sep 11 10:16:46 cu-cs-vm kernel: [    0.725606] pci 0000:00:11.0: [15ad:0790] type 01 class 0x060401
Sep 11 10:16:46 cu-cs-vm kernel: [    0.726598] pci 0000:00:15.0: [15ad:07a0] type 01 class 0x060400
Sep 11 10:16:46 cu-cs-vm kernel: [    0.727521] pci 0000:00:15.0: PME# supported from D0 D3hot D3cold
Sep 11 10:16:46 cu-cs-vm kernel: [    0.727971] pci 0000:00:15.1: [15ad:07a0] type 01 class 0x060400
Sep 11 10:16:46 cu-cs-vm kernel: [    0.728882] pci 0000:00:15.1: PME# supported from D0 D3hot D3cold
Sep 11 10:16:46 cu-cs-vm kernel: [    0.729332] pci 0000:00:15.2: [15ad:07a0] type 01 class 0x060400
Sep 11 10:16:46 cu-cs-vm kernel: [    0.730263] pci 0000:00:15.2: PME# supported from D0 D3hot D3cold
Sep 11 10:16:46 cu-cs-vm kernel: [    0.730678] pci 0000:00:15.3: [15ad:07a0] type 01 class 0x060400
Sep 11 10:16:46 cu-cs-vm kernel: [    0.731618] pci 0000:00:15.3: PME# supported from D0 D3hot D3cold
Sep 11 10:16:46 cu-cs-vm kernel: [    0.732207] pci 0000:00:15.4: [15ad:07a0] type 01 class 0x060400
Sep 11 10:16:46 cu-cs-vm kernel: [    0.733124] pci 0000:00:15.4: PME# supported from D0 D3hot D3cold
Sep 11 10:16:46 cu-cs-vm kernel: [    0.733505] pci 0000:00:15.5: [15ad:07a0] type 01 class 0x060400
Sep 11 10:16:46 cu-cs-vm kernel: [    0.734435] pci 0000:00:15.5: PME# supported from D0 D3hot D3cold
Sep 11 10:16:46 cu-cs-vm kernel: [    0.734875] pci 0000:00:15.6: [15ad:07a0] type 01 class 0x060400
Sep 11 10:16:46 cu-cs-vm kernel: [    0.735928] pci 0000:00:15.6: PME# supported from D0 D3hot D3cold
Sep 11 10:16:46 cu-cs-vm kernel: [    0.736731] pci 0000:00:15.7: [15ad:07a0] type 01 class 0x060400
Sep 11 10:16:46 cu-cs-vm kernel: [    0.737928] pci 0000:00:15.7: PME# supported from D0 D3hot D3cold
Sep 11 10:16:46 cu-cs-vm kernel: [    0.738612] pci 0000:00:16.0: [15ad:07a0] type 01 class 0x060400
Sep 11 10:16:46 cu-cs-vm kernel: [    0.739763] pci 0000:00:16.0: PME# supported from D0 D3hot D3cold
Sep 11 10:16:46 cu-cs-vm kernel: [    0.740240] pci 0000:00:16.1: [15ad:07a0] type 01 class 0x060400
Sep 11 10:16:46 cu-cs-vm kernel: [    0.741454] pci 0000:00:16.1: PME# supported from D0 D3hot D3cold
Sep 11 10:16:46 cu-cs-vm kernel: [    0.742039] pci 0000:00:16.2: [15ad:07a0] type 01 class 0x060400
Sep 11 10:16:46 cu-cs-vm kernel: [    0.742982] pci 0000:00:16.2: PME# supported from D0 D3hot D3cold
Sep 11 10:16:46 cu-cs-vm kernel: [    0.743423] pci 0000:00:16.3: [15ad:07a0] type 01 class 0x060400
Sep 11 10:16:46 cu-cs-vm kernel: [    0.744332] pci 0000:00:16.3: PME# supported from D0 D3hot D3cold
Sep 11 10:16:46 cu-cs-vm kernel: [    0.745227] pci 0000:00:16.4: [15ad:07a0] type 01 class 0x060400
Sep 11 10:16:46 cu-cs-vm kernel: [    0.746344] pci 0000:00:16.4: PME# supported from D0 D3hot D3cold
Sep 11 10:16:46 cu-cs-vm kernel: [    0.746851] pci 0000:00:16.5: [15ad:07a0] type 01 class 0x060400
Sep 11 10:16:46 cu-cs-vm kernel: [    0.747974] pci 0000:00:16.5: PME# supported from D0 D3hot D3cold
Sep 11 10:16:46 cu-cs-vm kernel: [    0.748564] pci 0000:00:16.6: [15ad:07a0] type 01 class 0x060400
Sep 11 10:16:46 cu-cs-vm kernel: [    0.749668] pci 0000:00:16.6: PME# supported from D0 D3hot D3cold
Sep 11 10:16:46 cu-cs-vm kernel: [    0.750290] pci 0000:00:16.7: [15ad:07a0] type 01 class 0x060400
Sep 11 10:16:46 cu-cs-vm kernel: [    0.751500] pci 0000:00:16.7: PME# supported from D0 D3hot D3cold
Sep 11 10:16:46 cu-cs-vm kernel: [    0.751954] pci 0000:00:17.0: [15ad:07a0] type 01 class 0x060400
Sep 11 10:16:46 cu-cs-vm kernel: [    0.752979] pci 0000:00:17.0: PME# supported from D0 D3hot D3cold
Sep 11 10:16:46 cu-cs-vm kernel: [    0.753840] pci 0000:00:17.1: [15ad:07a0] type 01 class 0x060400
Sep 11 10:16:46 cu-cs-vm kernel: [    0.755050] pci 0000:00:17.1: PME# supported from D0 D3hot D3cold
Sep 11 10:16:46 cu-cs-vm kernel: [    0.755644] pci 0000:00:17.2: [15ad:07a0] type 01 class 0x060400
Sep 11 10:16:46 cu-cs-vm kernel: [    0.756800] pci 0000:00:17.2: PME# supported from D0 D3hot D3cold
Sep 11 10:16:46 cu-cs-vm kernel: [    0.757396] pci 0000:00:17.3: [15ad:07a0] type 01 class 0x060400
Sep 11 10:16:46 cu-cs-vm kernel: [    0.758509] pci 0000:00:17.3: PME# supported from D0 D3hot D3cold
Sep 11 10:16:46 cu-cs-vm kernel: [    0.759097] pci 0000:00:17.4: [15ad:07a0] type 01 class 0x060400
Sep 11 10:16:46 cu-cs-vm kernel: [    0.760004] pci 0000:00:17.4: PME# supported from D0 D3hot D3cold
Sep 11 10:16:46 cu-cs-vm kernel: [    0.760423] pci 0000:00:17.5: [15ad:07a0] type 01 class 0x060400
Sep 11 10:16:46 cu-cs-vm kernel: [    0.761348] pci 0000:00:17.5: PME# supported from D0 D3hot D3cold
Sep 11 10:16:46 cu-cs-vm kernel: [    0.761778] pci 0000:00:17.6: [15ad:07a0] type 01 class 0x060400
Sep 11 10:16:46 cu-cs-vm kernel: [    0.762704] pci 0000:00:17.6: PME# supported from D0 D3hot D3cold
Sep 11 10:16:46 cu-cs-vm kernel: [    0.763123] pci 0000:00:17.7: [15ad:07a0] type 01 class 0x060400
Sep 11 10:16:46 cu-cs-vm kernel: [    0.764039] pci 0000:00:17.7: PME# supported from D0 D3hot D3cold
Sep 11 10:16:46 cu-cs-vm kernel: [    0.764482] pci 0000:00:18.0: [15ad:07a0] type 01 class 0x060400
Sep 11 10:16:46 cu-cs-vm kernel: [    0.765464] pci 0000:00:18.0: PME# supported from D0 D3hot D3cold
Sep 11 10:16:46 cu-cs-vm kernel: [    0.766036] pci 0000:00:18.1: [15ad:07a0] type 01 class 0x060400
Sep 11 10:16:46 cu-cs-vm kernel: [    0.767002] pci 0000:00:18.1: PME# supported from D0 D3hot D3cold
Sep 11 10:16:46 cu-cs-vm kernel: [    0.767429] pci 0000:00:18.2: [15ad:07a0] type 01 class 0x060400
Sep 11 10:16:46 cu-cs-vm kernel: [    0.768348] pci 0000:00:18.2: PME# supported from D0 D3hot D3cold
Sep 11 10:16:46 cu-cs-vm kernel: [    0.768843] pci 0000:00:18.3: [15ad:07a0] type 01 class 0x060400
Sep 11 10:16:46 cu-cs-vm kernel: [    0.770086] pci 0000:00:18.3: PME# supported from D0 D3hot D3cold
Sep 11 10:16:46 cu-cs-vm kernel: [    0.770812] pci 0000:00:18.4: [15ad:07a0] type 01 class 0x060400
Sep 11 10:16:46 cu-cs-vm kernel: [    0.771766] pci 0000:00:18.4: PME# supported from D0 D3hot D3cold
Sep 11 10:16:46 cu-cs-vm kernel: [    0.772366] pci 0000:00:18.5: [15ad:07a0] type 01 class 0x060400
Sep 11 10:16:46 cu-cs-vm kernel: [    0.773285] pci 0000:00:18.5: PME# supported from D0 D3hot D3cold
Sep 11 10:16:46 cu-cs-vm kernel: [    0.773724] pci 0000:00:18.6: [15ad:07a0] type 01 class 0x060400
Sep 11 10:16:46 cu-cs-vm kernel: [    0.774646] pci 0000:00:18.6: PME# supported from D0 D3hot D3cold
Sep 11 10:16:46 cu-cs-vm kernel: [    0.775088] pci 0000:00:18.7: [15ad:07a0] type 01 class 0x060400
Sep 11 10:16:46 cu-cs-vm kernel: [    0.776017] pci 0000:00:18.7: PME# supported from D0 D3hot D3cold
Sep 11 10:16:46 cu-cs-vm kernel: [    0.776931] pci 0000:00:01.0: PCI bridge to [bus 01]
Sep 11 10:16:46 cu-cs-vm kernel: [    0.777592] acpiphp: Slot [32] registered
Sep 11 10:16:46 cu-cs-vm kernel: [    0.777674] acpiphp: Slot [33] registered
Sep 11 10:16:46 cu-cs-vm kernel: [    0.777754] acpiphp: Slot [34] registered
Sep 11 10:16:46 cu-cs-vm kernel: [    0.777859] acpiphp: Slot [35] registered
Sep 11 10:16:46 cu-cs-vm kernel: [    0.777952] acpiphp: Slot [36] registered
Sep 11 10:16:46 cu-cs-vm kernel: [    0.778031] acpiphp: Slot [37] registered
Sep 11 10:16:46 cu-cs-vm kernel: [    0.778110] acpiphp: Slot [38] registered
Sep 11 10:16:46 cu-cs-vm kernel: [    0.778214] acpiphp: Slot [39] registered
Sep 11 10:16:46 cu-cs-vm kernel: [    0.778293] acpiphp: Slot [40] registered
Sep 11 10:16:46 cu-cs-vm kernel: [    0.778371] acpiphp: Slot [41] registered
Sep 11 10:16:46 cu-cs-vm kernel: [    0.778515] acpiphp: Slot [42] registered
Sep 11 10:16:46 cu-cs-vm kernel: [    0.778598] acpiphp: Slot [43] registered
Sep 11 10:16:46 cu-cs-vm kernel: [    0.778676] acpiphp: Slot [44] registered
Sep 11 10:16:46 cu-cs-vm kernel: [    0.778755] acpiphp: Slot [45] registered
Sep 11 10:16:46 cu-cs-vm kernel: [    0.778833] acpiphp: Slot [46] registered
Sep 11 10:16:46 cu-cs-vm kernel: [    0.778922] acpiphp: Slot [47] registered
Sep 11 10:16:46 cu-cs-vm kernel: [    0.779013] acpiphp: Slot [48] registered
Sep 11 10:16:46 cu-cs-vm kernel: [    0.779100] acpiphp: Slot [49] registered
Sep 11 10:16:46 cu-cs-vm kernel: [    0.779179] acpiphp: Slot [50] registered
Sep 11 10:16:46 cu-cs-vm kernel: [    0.779258] acpiphp: Slot [51] registered
Sep 11 10:16:46 cu-cs-vm kernel: [    0.779509] acpiphp: Slot [52] registered
Sep 11 10:16:46 cu-cs-vm kernel: [    0.779616] acpiphp: Slot [53] registered
Sep 11 10:16:46 cu-cs-vm kernel: [    0.779741] acpiphp: Slot [54] registered
Sep 11 10:16:46 cu-cs-vm kernel: [    0.779822] acpiphp: Slot [55] registered
Sep 11 10:16:46 cu-cs-vm kernel: [    0.779911] acpiphp: Slot [56] registered
Sep 11 10:16:46 cu-cs-vm kernel: [    0.779991] acpiphp: Slot [57] registered
Sep 11 10:16:46 cu-cs-vm kernel: [    0.780037] acpiphp: Slot [58] registered
Sep 11 10:16:46 cu-cs-vm kernel: [    0.780115] acpiphp: Slot [59] registered
Sep 11 10:16:46 cu-cs-vm kernel: [    0.780195] acpiphp: Slot [60] registered
Sep 11 10:16:46 cu-cs-vm kernel: [    0.780273] acpiphp: Slot [61] registered
Sep 11 10:16:46 cu-cs-vm kernel: [    0.780364] acpiphp: Slot [62] registered
Sep 11 10:16:46 cu-cs-vm kernel: [    0.780443] acpiphp: Slot [63] registered
Sep 11 10:16:46 cu-cs-vm kernel: [    0.780564] pci 0000:02:00.0: [15ad:0774] type 00 class 0x0c0300
Sep 11 10:16:46 cu-cs-vm kernel: [    0.783324] pci 0000:02:00.0: reg 0x20: [io  0x2040-0x205f]
Sep 11 10:16:46 cu-cs-vm kernel: [    0.785165] pci 0000:02:01.0: [8086:100f] type 00 class 0x020000
Sep 11 10:16:46 cu-cs-vm kernel: [    0.786710] pci 0000:02:01.0: reg 0x10: [mem 0xfd5c0000-0xfd5dffff 64bit]
Sep 11 10:16:46 cu-cs-vm kernel: [    0.788006] pci 0000:02:01.0: reg 0x18: [mem 0xfdff0000-0xfdffffff 64bit]
Sep 11 10:16:46 cu-cs-vm kernel: [    0.789178] pci 0000:02:01.0: reg 0x20: [io  0x2000-0x203f]
Sep 11 10:16:46 cu-cs-vm kernel: [    0.791423] pci 0000:02:01.0: reg 0x30: [mem 0x00000000-0x0000ffff pref]
Sep 11 10:16:46 cu-cs-vm kernel: [    0.791805] pci 0000:02:01.0: PME# supported from D0 D3hot D3cold
Sep 11 10:16:46 cu-cs-vm kernel: [    0.792132] pci 0000:02:02.0: [15ad:0770] type 00 class 0x0c0320
Sep 11 10:16:46 cu-cs-vm kernel: [    0.792686] pci 0000:02:02.0: reg 0x10: [mem 0xfd5ef000-0xfd5effff]
Sep 11 10:16:46 cu-cs-vm systemd[1]: Starting Detect the available GPUs and deal with any system changes...
Sep 11 10:16:46 cu-cs-vm kernel: [    0.796267] pci 0000:02:04.0: [15ad:07e0] type 00 class 0x010601
Sep 11 10:16:46 cu-cs-vm kernel: [    0.799134] pci 0000:02:04.0: reg 0x24: [mem 0xfd5ee000-0xfd5eefff]
Sep 11 10:16:46 cu-cs-vm kernel: [    0.799578] pci 0000:02:04.0: reg 0x30: [mem 0x00000000-0x0000ffff pref]
Sep 11 10:16:46 cu-cs-vm kernel: [    0.800183] pci 0000:02:04.0: PME# supported from D3hot
Sep 11 10:16:46 cu-cs-vm kernel: [    0.801217] pci 0000:00:11.0: PCI bridge to [bus 02] (subtractive decode)
Sep 11 10:16:46 cu-cs-vm kernel: [    0.801317] pci 0000:00:11.0:   bridge window [io  0x2000-0x3fff]
Sep 11 10:16:46 cu-cs-vm kernel: [    0.801345] pci 0000:00:11.0:   bridge window [mem 0xfd500000-0xfdffffff]
Sep 11 10:16:46 cu-cs-vm kernel: [    0.801399] pci 0000:00:11.0:   bridge window [mem 0xe7b00000-0xe7ffffff 64bit pref]
Sep 11 10:16:46 cu-cs-vm kernel: [    0.801401] pci 0000:00:11.0:   bridge window [mem 0x000a0000-0x000bffff window] (subtractive decode)
Sep 11 10:16:46 cu-cs-vm kernel: [    0.801403] pci 0000:00:11.0:   bridge window [mem 0x000cc000-0x000cffff window] (subtractive decode)
Sep 11 10:16:46 cu-cs-vm kernel: [    0.801404] pci 0000:00:11.0:   bridge window [mem 0x000d0000-0x000d3fff window] (subtractive decode)
Sep 11 10:16:46 cu-cs-vm kernel: [    0.801405] pci 0000:00:11.0:   bridge window [mem 0x000d4000-0x000d7fff window] (subtractive decode)
Sep 11 10:16:46 cu-cs-vm kernel: [    0.801406] pci 0000:00:11.0:   bridge window [mem 0x000d8000-0x000dbfff window] (subtractive decode)
Sep 11 10:16:46 cu-cs-vm kernel: [    0.801408] pci 0000:00:11.0:   bridge window [mem 0xc0000000-0xfebfffff window] (subtractive decode)
Sep 11 10:16:46 cu-cs-vm kernel: [    0.801409] pci 0000:00:11.0:   bridge window [io  0x0000-0x0cf7 window] (subtractive decode)
Sep 11 10:16:46 cu-cs-vm kernel: [    0.801410] pci 0000:00:11.0:   bridge window [io  0x0d00-0xfeff window] (subtractive decode)
Sep 11 10:16:46 cu-cs-vm kernel: [    0.802105] pci 0000:00:15.0: PCI bridge to [bus 03]
Sep 11 10:16:46 cu-cs-vm kernel: [    0.802173] pci 0000:00:15.0:   bridge window [io  0x4000-0x4fff]
Sep 11 10:16:46 cu-cs-vm kernel: [    0.802197] pci 0000:00:15.0:   bridge window [mem 0xfd400000-0xfd4fffff]
Sep 11 10:16:46 cu-cs-vm kernel: [    0.802246] pci 0000:00:15.0:   bridge window [mem 0xe7a00000-0xe7afffff 64bit pref]
Sep 11 10:16:46 cu-cs-vm kernel: [    0.802816] pci 0000:00:15.1: PCI bridge to [bus 04]
Sep 11 10:16:46 cu-cs-vm kernel: [    0.802906] pci 0000:00:15.1:   bridge window [io  0x8000-0x8fff]
Sep 11 10:16:46 cu-cs-vm kernel: [    0.802937] pci 0000:00:15.1:   bridge window [mem 0xfd000000-0xfd0fffff]
Sep 11 10:16:46 cu-cs-vm kernel: [    0.803021] pci 0000:00:15.1:   bridge window [mem 0xe7600000-0xe76fffff 64bit pref]
Sep 11 10:16:46 cu-cs-vm kernel: [    0.803757] pci 0000:00:15.2: PCI bridge to [bus 05]
Sep 11 10:16:46 cu-cs-vm kernel: [    0.803852] pci 0000:00:15.2:   bridge window [io  0xc000-0xcfff]
Sep 11 10:16:46 cu-cs-vm kernel: [    0.803885] pci 0000:00:15.2:   bridge window [mem 0xfcc00000-0xfccfffff]
Sep 11 10:16:46 cu-cs-vm kernel: [    0.803944] pci 0000:00:15.2:   bridge window [mem 0xe7200000-0xe72fffff 64bit pref]
Sep 11 10:16:46 cu-cs-vm kernel: [    0.804403] pci 0000:00:15.3: PCI bridge to [bus 06]
Sep 11 10:16:46 cu-cs-vm kernel: [    0.804501] pci 0000:00:15.3:   bridge window [mem 0xfc800000-0xfc8fffff]
Sep 11 10:16:46 cu-cs-vm kernel: [    0.804550] pci 0000:00:15.3:   bridge window [mem 0xe6e00000-0xe6efffff 64bit pref]
Sep 11 10:16:46 cu-cs-vm kernel: [    0.805186] pci 0000:00:15.4: PCI bridge to [bus 07]
Sep 11 10:16:46 cu-cs-vm kernel: [    0.805275] pci 0000:00:15.4:   bridge window [mem 0xfc400000-0xfc4fffff]
Sep 11 10:16:46 cu-cs-vm kernel: [    0.805322] pci 0000:00:15.4:   bridge window [mem 0xe6a00000-0xe6afffff 64bit pref]
Sep 11 10:16:46 cu-cs-vm kernel: [    0.805757] pci 0000:00:15.5: PCI bridge to [bus 08]
Sep 11 10:16:46 cu-cs-vm kernel: [    0.805845] pci 0000:00:15.5:   bridge window [mem 0xfc000000-0xfc0fffff]
Sep 11 10:16:46 cu-cs-vm kernel: [    0.805892] pci 0000:00:15.5:   bridge window [mem 0xe6600000-0xe66fffff 64bit pref]
Sep 11 10:16:46 cu-cs-vm kernel: [    0.806272] pci 0000:00:15.6: PCI bridge to [bus 09]
Sep 11 10:16:46 cu-cs-vm kernel: [    0.806359] pci 0000:00:15.6:   bridge window [mem 0xfbc00000-0xfbcfffff]
Sep 11 10:16:46 cu-cs-vm kernel: [    0.806407] pci 0000:00:15.6:   bridge window [mem 0xe6200000-0xe62fffff 64bit pref]
Sep 11 10:16:46 cu-cs-vm kernel: [    0.806785] pci 0000:00:15.7: PCI bridge to [bus 0a]
Sep 11 10:16:46 cu-cs-vm kernel: [    0.806872] pci 0000:00:15.7:   bridge window [mem 0xfb800000-0xfb8fffff]
Sep 11 10:16:46 cu-cs-vm kernel: [    0.806920] pci 0000:00:15.7:   bridge window [mem 0xe5e00000-0xe5efffff 64bit pref]
Sep 11 10:16:46 cu-cs-vm kernel: [    0.807339] pci 0000:00:16.0: PCI bridge to [bus 0b]
Sep 11 10:16:46 cu-cs-vm kernel: [    0.807403] pci 0000:00:16.0:   bridge window [io  0x5000-0x5fff]
Sep 11 10:16:46 cu-cs-vm kernel: [    0.807428] pci 0000:00:16.0:   bridge window [mem 0xfd300000-0xfd3fffff]
Sep 11 10:16:46 cu-cs-vm kernel: [    0.807485] pci 0000:00:16.0:   bridge window [mem 0xe7900000-0xe79fffff 64bit pref]
Sep 11 10:16:46 cu-cs-vm kernel: [    0.807854] pci 0000:00:16.1: PCI bridge to [bus 0c]
Sep 11 10:16:46 cu-cs-vm kernel: [    0.807918] pci 0000:00:16.1:   bridge window [io  0x9000-0x9fff]
Sep 11 10:16:46 cu-cs-vm kernel: [    0.807951] pci 0000:00:16.1:   bridge window [mem 0xfcf00000-0xfcffffff]
Sep 11 10:16:46 cu-cs-vm kernel: [    0.807999] pci 0000:00:16.1:   bridge window [mem 0xe7500000-0xe75fffff 64bit pref]
Sep 11 10:16:46 cu-cs-vm kernel: [    0.808429] pci 0000:00:16.2: PCI bridge to [bus 0d]
Sep 11 10:16:46 cu-cs-vm kernel: [    0.808493] pci 0000:00:16.2:   bridge window [io  0xd000-0xdfff]
Sep 11 10:16:46 cu-cs-vm kernel: [    0.808518] pci 0000:00:16.2:   bridge window [mem 0xfcb00000-0xfcbfffff]
Sep 11 10:16:46 cu-cs-vm kernel: [    0.808565] pci 0000:00:16.2:   bridge window [mem 0xe7100000-0xe71fffff 64bit pref]
Sep 11 10:16:46 cu-cs-vm kernel: [    0.808941] pci 0000:00:16.3: PCI bridge to [bus 0e]
Sep 11 10:16:46 cu-cs-vm kernel: [    0.809028] pci 0000:00:16.3:   bridge window [mem 0xfc700000-0xfc7fffff]
Sep 11 10:16:46 cu-cs-vm kernel: [    0.809076] pci 0000:00:16.3:   bridge window [mem 0xe6d00000-0xe6dfffff 64bit pref]
Sep 11 10:16:46 cu-cs-vm kernel: [    0.809450] pci 0000:00:16.4: PCI bridge to [bus 0f]
Sep 11 10:16:46 cu-cs-vm kernel: [    0.809537] pci 0000:00:16.4:   bridge window [mem 0xfc300000-0xfc3fffff]
Sep 11 10:16:46 cu-cs-vm kernel: [    0.809584] pci 0000:00:16.4:   bridge window [mem 0xe6900000-0xe69fffff 64bit pref]
Sep 11 10:16:46 cu-cs-vm kernel: [    0.810054] pci 0000:00:16.5: PCI bridge to [bus 10]
Sep 11 10:16:46 cu-cs-vm kernel: [    0.810143] pci 0000:00:16.5:   bridge window [mem 0xfbf00000-0xfbffffff]
Sep 11 10:16:46 cu-cs-vm kernel: [    0.810190] pci 0000:00:16.5:   bridge window [mem 0xe6500000-0xe65fffff 64bit pref]
Sep 11 10:16:46 cu-cs-vm kernel: [    0.810573] pci 0000:00:16.6: PCI bridge to [bus 11]
Sep 11 10:16:46 cu-cs-vm kernel: [    0.810659] pci 0000:00:16.6:   bridge window [mem 0xfbb00000-0xfbbfffff]
Sep 11 10:16:46 cu-cs-vm kernel: [    0.810707] pci 0000:00:16.6:   bridge window [mem 0xe6100000-0xe61fffff 64bit pref]
